#
# There is insufficient memory for the Java Runtime Environment to continue.
# Native memory allocation (malloc) failed to allocate 1048576 bytes. Error detail: AllocateHeap
# Possible reasons:
#   The system is out of physical RAM or swap space
#   This process is running with CompressedOops enabled, and the Java Heap may be blocking the growth of the native heap
# Possible solutions:
#   Reduce memory load on the system
#   Increase physical memory or swap space
#   Check if swap backing store is full
#   Decrease Java heap size (-Xmx/-Xms)
#   Decrease number of Java threads
#   Decrease Java thread stack sizes (-Xss)
#   Set larger code cache with -XX:ReservedCodeCacheSize=
#   JVM is running with Unscaled Compressed Oops mode in which the Java heap is
#     placed in the first 4GB address space. The Java Heap base address is the
#     maximum limit for the native heap growth. Please use -XX:HeapBaseMinAddress
#     to set the Java Heap base and to place the Java Heap above 4GB virtual address.
# This output file may be truncated or incomplete.
#
#  Out of Memory Error (allocation.cpp:44), pid=8120, tid=11316
#
# JRE version: OpenJDK Runtime Environment Temurin-21.0.9+10 (21.0.9+10) (build 21.0.9+10-LTS)
# Java VM: OpenJDK 64-Bit Server VM Temurin-21.0.9+10 (21.0.9+10-LTS, mixed mode, sharing, tiered, compressed oops, compressed class ptrs, parallel gc, windows-amd64)
# No core dump will be written. Minidumps are not enabled by default on client versions of Windows
#

---------------  S U M M A R Y ------------

Command Line: --add-modules=ALL-SYSTEM --add-opens=java.base/java.util=ALL-UNNAMED --add-opens=java.base/java.lang=ALL-UNNAMED --add-opens=java.base/sun.nio.fs=ALL-UNNAMED -Declipse.application=org.eclipse.jdt.ls.core.id1 -Dosgi.bundles.defaultStartLevel=4 -Declipse.product=org.eclipse.jdt.ls.core.product -Djava.import.generatesMetadataFilesAtProjectRoot=false -DDetectVMInstallationsJob.disabled=true -Dfile.encoding=utf8 -XX:+UseParallelGC -XX:GCTimeRatio=4 -XX:AdaptiveSizePolicyWeight=90 -Dsun.zip.disableMemoryMapping=true -Xmx2G -Xms100m -Xlog:disable -javaagent:c:\Users\HP\.vscode\extensions\redhat.java-1.51.0-win32-x64\lombok\lombok-1.18.39-4050.jar -XX:+HeapDumpOnOutOfMemoryError -XX:HeapDumpPath=c:\Users\HP\AppData\Roaming\Code\User\workspaceStorage\a51d7faf6a931bf7e6f441c935a9b4af\redhat.java -Daether.dependencyCollector.impl=bf c:\Users\HP\.vscode\extensions\redhat.java-1.51.0-win32-x64\server\plugins\org.eclipse.equinox.launcher_1.7.100.v20251111-0406.jar -configuration c:\Users\HP\AppData\Roaming\Code\User\globalStorage\redhat.java\1.51.0\config_win -data c:\Users\HP\AppData\Roaming\Code\User\workspaceStorage\a51d7faf6a931bf7e6f441c935a9b4af\redhat.java\jdt_ws --pipe=\\.\pipe\lsp-673271d3728d7bea00c63e56ab869d8b-sock

Host: Intel(R) Core(TM) i7-1065G7 CPU @ 1.30GHz, 8 cores, 15G,  Windows 11 , 64 bit Build 22621 (10.0.22621.5415)
Time: Mon Jan 12 22:45:00 2026 Morocco Daylight Time elapsed time: 6457.617867 seconds (0d 1h 47m 37s)

---------------  T H R E A D  ---------------

Current thread (0x00000223d2bc88f0):  JavaThread "Attach Listener" daemon [_thread_in_vm, id=11316, stack(0x0000009325100000,0x0000009325200000) (1024K)]

Stack: [0x0000009325100000,0x0000009325200000]
Native frames: (J=compiled Java code, j=interpreted, Vv=VM code, C=native code)
V  [jvm.dll+0x6d6e29]
V  [jvm.dll+0x8b4b76]
V  [jvm.dll+0x8b712e]
V  [jvm.dll+0x8b7813]
V  [jvm.dll+0x283d86]
V  [jvm.dll+0xc1277]
V  [jvm.dll+0x6d76d9]
V  [jvm.dll+0x133466]
V  [jvm.dll+0x3f7ea6]
V  [jvm.dll+0x85e9ad]
V  [jvm.dll+0x6d565d]
C  [ucrtbase.dll+0x29333]
C  [KERNEL32.DLL+0x1259d]
C  [ntdll.dll+0x5af78]


---------------  P R O C E S S  ---------------

Threads class SMR info:
_java_thread_list=0x00000223f088f3a0, length=35, elements={
0x00000223d08e9840, 0x00000223d2d0c540, 0x00000223d2d0dd40, 0x00000223d2bc79e0,
0x00000223d2bc88f0, 0x00000223d2bcb710, 0x00000223d2bcd170, 0x00000223d2bcffb0,
0x00000223ef034fc0, 0x00000223ef1e0790, 0x00000223ef25fbd0, 0x00000223ef8cce70,
0x00000223ef8ecb20, 0x00000223efc47100, 0x00000223efc49f80, 0x00000223eff4a8b0,
0x00000223efe2d840, 0x00000223f02c2cc0, 0x00000223efc66ad0, 0x00000223efb49b90,
0x00000223efb4a220, 0x00000223efb4a8b0, 0x00000223efb48e70, 0x00000223f286e2d0,
0x00000223f28686f0, 0x00000223f286e960, 0x00000223f28679d0, 0x00000223f286eff0,
0x00000223f286d5b0, 0x00000223f2869410, 0x00000223f2868060, 0x00000223f286c200,
0x00000223efb4bc60, 0x00000223f4b06fc0, 0x00000223f4b0aad0
}

Java Threads: ( => current thread )
  0x00000223d08e9840 JavaThread "main"                              [_thread_blocked, id=2652, stack(0x0000009324a00000,0x0000009324b00000) (1024K)]
  0x00000223d2d0c540 JavaThread "Reference Handler"          daemon [_thread_blocked, id=3188, stack(0x0000009324e00000,0x0000009324f00000) (1024K)]
  0x00000223d2d0dd40 JavaThread "Finalizer"                  daemon [_thread_blocked, id=12624, stack(0x0000009324f00000,0x0000009325000000) (1024K)]
  0x00000223d2bc79e0 JavaThread "Signal Dispatcher"          daemon [_thread_blocked, id=13604, stack(0x0000009325000000,0x0000009325100000) (1024K)]
=>0x00000223d2bc88f0 JavaThread "Attach Listener"            daemon [_thread_in_vm, id=11316, stack(0x0000009325100000,0x0000009325200000) (1024K)]
  0x00000223d2bcb710 JavaThread "Service Thread"             daemon [_thread_blocked, id=7936, stack(0x0000009325200000,0x0000009325300000) (1024K)]
  0x00000223d2bcd170 JavaThread "Monitor Deflation Thread"   daemon [_thread_blocked, id=19256, stack(0x0000009325300000,0x0000009325400000) (1024K)]
  0x00000223d2bcffb0 JavaThread "C2 CompilerThread0"         daemon [_thread_blocked, id=18008, stack(0x0000009325400000,0x0000009325500000) (1024K)]
  0x00000223ef034fc0 JavaThread "C1 CompilerThread0"         daemon [_thread_blocked, id=15092, stack(0x0000009325500000,0x0000009325600000) (1024K)]
  0x00000223ef1e0790 JavaThread "Common-Cleaner"             daemon [_thread_blocked, id=12764, stack(0x0000009325700000,0x0000009325800000) (1024K)]
  0x00000223ef25fbd0 JavaThread "Notification Thread"        daemon [_thread_blocked, id=5460, stack(0x0000009325800000,0x0000009325900000) (1024K)]
  0x00000223ef8cce70 JavaThread "Active Thread: Equinox Container: 170e8ecf-f20d-4e00-934c-abeb9c3cc368"        [_thread_blocked, id=19052, stack(0x0000009326000000,0x0000009326100000) (1024K)]
  0x00000223ef8ecb20 JavaThread "Refresh Thread: Equinox Container: 170e8ecf-f20d-4e00-934c-abeb9c3cc368" daemon [_thread_blocked, id=15184, stack(0x0000009326100000,0x0000009326200000) (1024K)]
  0x00000223efc47100 JavaThread "Framework Event Dispatcher: Equinox Container: 170e8ecf-f20d-4e00-934c-abeb9c3cc368" daemon [_thread_blocked, id=18288, stack(0x0000009325600000,0x0000009325700000) (1024K)]
  0x00000223efc49f80 JavaThread "Start Level: Equinox Container: 170e8ecf-f20d-4e00-934c-abeb9c3cc368" daemon [_thread_blocked, id=9008, stack(0x0000009326200000,0x0000009326300000) (1024K)]
  0x00000223eff4a8b0 JavaThread "Bundle File Closer"         daemon [_thread_blocked, id=14012, stack(0x0000009326500000,0x0000009326600000) (1024K)]
  0x00000223efe2d840 JavaThread "SCR Component Actor"        daemon [_thread_blocked, id=10488, stack(0x0000009326400000,0x0000009326500000) (1024K)]
  0x00000223f02c2cc0 JavaThread "Worker-JM"                         [_thread_blocked, id=10604, stack(0x0000009326600000,0x0000009326700000) (1024K)]
  0x00000223efc66ad0 JavaThread "JNA Cleaner"                daemon [_thread_blocked, id=13612, stack(0x0000009326300000,0x0000009326400000) (1024K)]
  0x00000223efb49b90 JavaThread "Java indexing"              daemon [_thread_blocked, id=2472, stack(0x0000009326c00000,0x0000009326d00000) (1024K)]
  0x00000223efb4a220 JavaThread "Thread-1"                   daemon [_thread_in_native, id=11140, stack(0x0000009327100000,0x0000009327200000) (1024K)]
  0x00000223efb4a8b0 JavaThread "Thread-2"                   daemon [_thread_in_native, id=19300, stack(0x0000009327200000,0x0000009327300000) (1024K)]
  0x00000223efb48e70 JavaThread "Thread-3"                   daemon [_thread_in_native, id=15216, stack(0x0000009327300000,0x0000009327400000) (1024K)]
  0x00000223f286e2d0 JavaThread "Thread-4"                   daemon [_thread_in_native, id=8092, stack(0x0000009327400000,0x0000009327500000) (1024K)]
  0x00000223f28686f0 JavaThread "Thread-5"                   daemon [_thread_in_native, id=12760, stack(0x0000009327500000,0x0000009327600000) (1024K)]
  0x00000223f286e960 JavaThread "Thread-6"                   daemon [_thread_in_native, id=18608, stack(0x0000009327600000,0x0000009327700000) (1024K)]
  0x00000223f28679d0 JavaThread "Thread-7"                   daemon [_thread_in_native, id=10092, stack(0x0000009327700000,0x0000009327800000) (1024K)]
  0x00000223f286eff0 JavaThread "Thread-8"                   daemon [_thread_in_native, id=19064, stack(0x0000009327800000,0x0000009327900000) (1024K)]
  0x00000223f286d5b0 JavaThread "Thread-9"                   daemon [_thread_in_native, id=3216, stack(0x0000009327900000,0x0000009327a00000) (1024K)]
  0x00000223f2869410 JavaThread "pool-2-thread-1"                   [_thread_blocked, id=1012, stack(0x0000009327a00000,0x0000009327b00000) (1024K)]
  0x00000223f2868060 JavaThread "WorkspaceEventsHandler"            [_thread_blocked, id=14364, stack(0x0000009327b00000,0x0000009327c00000) (1024K)]
  0x00000223f286c200 JavaThread "pool-1-thread-1"                   [_thread_blocked, id=7972, stack(0x0000009327c00000,0x0000009327d00000) (1024K)]
  0x00000223efb4bc60 JavaThread "Cleaner-0"                  daemon [_thread_blocked, id=19200, stack(0x0000009326e00000,0x0000009326f00000) (1024K)]
  0x00000223f4b06fc0 JavaThread "Worker-7"                          [_thread_blocked, id=6072, stack(0x0000009328400000,0x0000009328500000) (1024K)]
  0x00000223f4b0aad0 JavaThread "Worker-8"                          [_thread_blocked, id=14440, stack(0x0000009326900000,0x0000009326a00000) (1024K)]
Total: 35

Other Threads:
  0x00000223d2cf22e0 VMThread "VM Thread"                           [id=7312, stack(0x0000009324d00000,0x0000009324e00000) (1024K)]
  0x00000223d2cbd0c0 WatcherThread "VM Periodic Task Thread"        [id=16480, stack(0x0000009324c00000,0x0000009324d00000) (1024K)]
  0x00000223d2c6fa90 WorkerThread "GC Thread#0"                     [id=13792, stack(0x0000009324b00000,0x0000009324c00000) (1024K)]
  0x00000223ef82adc0 WorkerThread "GC Thread#1"                     [id=1580, stack(0x0000009325a00000,0x0000009325b00000) (1024K)]
  0x00000223efd443c0 WorkerThread "GC Thread#2"                     [id=10096, stack(0x0000009325b00000,0x0000009325c00000) (1024K)]
  0x00000223efd44760 WorkerThread "GC Thread#3"                     [id=3156, stack(0x0000009325c00000,0x0000009325d00000) (1024K)]
  0x00000223efd6f520 WorkerThread "GC Thread#4"                     [id=11472, stack(0x0000009325d00000,0x0000009325e00000) (1024K)]
  0x00000223efd6f8c0 WorkerThread "GC Thread#5"                     [id=19240, stack(0x0000009325e00000,0x0000009325f00000) (1024K)]
  0x00000223ef9f8e30 WorkerThread "GC Thread#6"                     [id=8224, stack(0x0000009325f00000,0x0000009326000000) (1024K)]
  0x00000223ef8ec780 WorkerThread "GC Thread#7"                     [id=11352, stack(0x0000009325900000,0x0000009325a00000) (1024K)]
Total: 10

Threads with active compile tasks:
Total: 0

VM state: not at safepoint (normal execution)

VM Mutex/Monitor currently owned by a thread: None

Heap address: 0x0000000080000000, size: 2048 MB, Compressed Oops mode: 32-bit

CDS archive(s) mapped at: [0x0000022380000000-0x0000022380ba0000-0x0000022380ba0000), size 12189696, SharedBaseAddress: 0x0000022380000000, ArchiveRelocationMode: 1.
Compressed class space mapped at: 0x0000022381000000-0x00000223c1000000, reserved size: 1073741824
Narrow klass base: 0x0000022380000000, Narrow klass shift: 0, Narrow klass range: 0x100000000

GC Precious Log:
 CardTable entry size: 512
 CPUs: 8 total, 8 available
 Memory: 16161M
 Large Page Support: Disabled
 NUMA Support: Disabled
 Compressed Oops: Enabled (32-bit)
 Alignments: Space 512K, Generation 512K, Heap 2M
 Heap Min Capacity: 100M
 Heap Initial Capacity: 100M
 Heap Max Capacity: 2G
 Pre-touch: Disabled
 Parallel Workers: 8

Heap:
 PSYoungGen      total 5120K, used 1413K [0x00000000d5580000, 0x00000000d5c00000, 0x0000000100000000)
  eden space 4096K, 29% used [0x00000000d5580000,0x00000000d56a9790,0x00000000d5980000)
  from space 1024K, 21% used [0x00000000d5a80000,0x00000000d5ab8000,0x00000000d5b80000)
  to   space 512K, 0% used [0x00000000d5b80000,0x00000000d5b80000,0x00000000d5c00000)
 ParOldGen       total 611840K, used 159793K [0x0000000080000000, 0x00000000a5580000, 0x00000000d5580000)
  object space 611840K, 26% used [0x0000000080000000,0x0000000089c0c6c0,0x00000000a5580000)
 Metaspace       used 91454K, committed 93568K, reserved 1179648K
  class space    used 9396K, committed 10304K, reserved 1048576K

Card table byte_map: [0x00000223d25f0000,0x00000223d2a00000] _byte_map_base: 0x00000223d21f0000

Marking Bits: (ParMarkBitMap*) 0x00007ff8e3052460
 Begin Bits: [0x00000223e5100000, 0x00000223e7100000)
 End Bits:   [0x00000223e7100000, 0x00000223e9100000)

Polling page: 0x00000223d0ae0000

Metaspace:

Usage:
  Non-class:     80.14 MB used.
      Class:      9.18 MB used.
       Both:     89.31 MB used.

Virtual space:
  Non-class space:      128.00 MB reserved,      81.31 MB ( 64%) committed,  2 nodes.
      Class space:        1.00 GB reserved,      10.06 MB ( <1%) committed,  1 nodes.
             Both:        1.12 GB reserved,      91.38 MB (  8%) committed. 

Chunk freelists:
   Non-Class:  14.95 MB
       Class:  6.12 MB
        Both:  21.07 MB

MaxMetaspaceSize: unlimited
CompressedClassSpaceSize: 1.00 GB
Initial GC threshold: 21.00 MB
Current GC threshold: 152.19 MB
CDS: on
 - commit_granule_bytes: 65536.
 - commit_granule_words: 8192.
 - virtual_space_node_default_size: 8388608.
 - enlarge_chunks_in_place: 1.
 - use_allocation_guard: 0.


Internal statistics:

num_allocs_failed_limit: 11.
num_arena_births: 1826.
num_arena_deaths: 420.
num_vsnodes_births: 3.
num_vsnodes_deaths: 0.
num_space_committed: 1462.
num_space_uncommitted: 0.
num_chunks_returned_to_freelist: 524.
num_chunks_taken_from_freelist: 6329.
num_chunk_merges: 169.
num_chunk_splits: 3778.
num_chunks_enlarged: 2113.
num_inconsistent_stats: 0.

CodeHeap 'non-profiled nmethods': size=120000Kb used=21337Kb max_used=24063Kb free=98662Kb
 bounds [0x00000223dd920000, 0x00000223df0a0000, 0x00000223e4e50000]
CodeHeap 'profiled nmethods': size=120000Kb used=44729Kb max_used=51936Kb free=75270Kb
 bounds [0x00000223d5e50000, 0x00000223d9110000, 0x00000223dd380000]
CodeHeap 'non-nmethods': size=5760Kb used=1533Kb max_used=1608Kb free=4226Kb
 bounds [0x00000223dd380000, 0x00000223dd5f0000, 0x00000223dd920000]
CodeCache: size=245760Kb, used=67599Kb, max_used=77607Kb, free=178158Kb
 total_blobs=19013, nmethods=18173, adapters=742, full_count=0
Compilation: enabled, stopped_count=0, restarted_count=0

Compilation events (20 events):
Event: 6019.542 Thread 0x00000223ef034fc0 22576       3       org.eclipse.jdt.internal.core.util.CommentRecorderParser::initializeScanner (70 bytes)
Event: 6019.542 Thread 0x00000223ef034fc0 nmethod 22576 0x00000223d5efa110 code [0x00000223d5efa2e0, 0x00000223d5efa5d0]
Event: 6019.548 Thread 0x00000223ef034fc0 22577       3       java.text.DateFormatSymbols::initializeData (342 bytes)
Event: 6019.551 Thread 0x00000223ef034fc0 nmethod 22577 0x00000223d7201110 code [0x00000223d72016e0, 0x00000223d7204a30]
Event: 6019.551 Thread 0x00000223ef034fc0 22579       3       java.text.DigitList::set (176 bytes)
Event: 6019.551 Thread 0x00000223ef034fc0 nmethod 22579 0x00000223d6191710 code [0x00000223d6191920, 0x00000223d6191f40]
Event: 6019.551 Thread 0x00000223ef034fc0 22580       3       java.text.DecimalFormat::subformatNumber (1173 bytes)
Event: 6019.556 Thread 0x00000223ef034fc0 nmethod 22580 0x00000223d7874790 code [0x00000223d7874e20, 0x00000223d787a580]
Event: 6019.556 Thread 0x00000223ef034fc0 22578       3       java.text.DateFormatSymbols::copyMembers (160 bytes)
Event: 6019.557 Thread 0x00000223ef034fc0 nmethod 22578 0x00000223d70b9b10 code [0x00000223d70b9da0, 0x00000223d70baac0]
Event: 6169.145 Thread 0x00000223ef034fc0 22581       3       java.lang.invoke.LambdaForm$MH/0x0000022381743c00::invoke (63 bytes)
Event: 6169.146 Thread 0x00000223ef034fc0 nmethod 22581 0x00000223d619f190 code [0x00000223d619f440, 0x00000223d61a03a0]
Event: 6294.912 Thread 0x00000223d2bcffb0 22582       4       com.google.gson.stream.JsonReader::peek (144 bytes)
Event: 6294.913 Thread 0x00000223d2bcffb0 nmethod 22582 0x00000223dd960a90 code [0x00000223dd960c40, 0x00000223dd960df0]
Event: 6295.610 Thread 0x00000223ef034fc0 22583       3       org.eclipse.core.runtime.jobs.Job::getPriority (5 bytes)
Event: 6295.610 Thread 0x00000223ef034fc0 nmethod 22583 0x00000223d5efb610 code [0x00000223d5efb7a0, 0x00000223d5efb8c0]
Event: 6295.611 Thread 0x00000223ef034fc0 22584       3       org.eclipse.core.internal.dtree.AbstractDataTree::immutable (16 bytes)
Event: 6295.611 Thread 0x00000223ef034fc0 nmethod 22584 0x00000223d5f99b10 code [0x00000223d5f99cc0, 0x00000223d5f99e48]
Event: 6403.165 Thread 0x00000223ef034fc0 22585       3       java.util.logging.LogManager::getLogManager (16 bytes)
Event: 6403.165 Thread 0x00000223ef034fc0 nmethod 22585 0x00000223d5f26c10 code [0x00000223d5f26dc0, 0x00000223d5f26f00]

GC Heap History (20 events):
Event: 5874.996 GC heap before
{Heap before GC invocations=1541 (full 5):
 PSYoungGen      total 4608K, used 4576K [0x00000000d5580000, 0x00000000d5d80000, 0x0000000100000000)
  eden space 4096K, 100% used [0x00000000d5580000,0x00000000d5980000,0x00000000d5980000)
  from space 512K, 93% used [0x00000000d5c80000,0x00000000d5cf8020,0x00000000d5d00000)
  to   space 512K, 0% used [0x00000000d5d00000,0x00000000d5d00000,0x00000000d5d80000)
 ParOldGen       total 611840K, used 156755K [0x0000000080000000, 0x00000000a5580000, 0x00000000d5580000)
  object space 611840K, 25% used [0x0000000080000000,0x0000000089914ee0,0x00000000a5580000)
 Metaspace       used 91401K, committed 93568K, reserved 1179648K
  class space    used 9394K, committed 10304K, reserved 1048576K
}
Event: 5874.997 GC heap after
{Heap after GC invocations=1541 (full 5):
 PSYoungGen      total 4608K, used 512K [0x00000000d5580000, 0x00000000d5d80000, 0x0000000100000000)
  eden space 4096K, 0% used [0x00000000d5580000,0x00000000d5580000,0x00000000d5980000)
  from space 512K, 100% used [0x00000000d5d00000,0x00000000d5d80000,0x00000000d5d80000)
  to   space 1024K, 0% used [0x00000000d5b80000,0x00000000d5b80000,0x00000000d5c80000)
 ParOldGen       total 611840K, used 157163K [0x0000000080000000, 0x00000000a5580000, 0x00000000d5580000)
  object space 611840K, 25% used [0x0000000080000000,0x000000008997af20,0x00000000a5580000)
 Metaspace       used 91401K, committed 93568K, reserved 1179648K
  class space    used 9394K, committed 10304K, reserved 1048576K
}
Event: 5989.135 GC heap before
{Heap before GC invocations=1542 (full 5):
 PSYoungGen      total 4608K, used 4608K [0x00000000d5580000, 0x00000000d5d80000, 0x0000000100000000)
  eden space 4096K, 100% used [0x00000000d5580000,0x00000000d5980000,0x00000000d5980000)
  from space 512K, 100% used [0x00000000d5d00000,0x00000000d5d80000,0x00000000d5d80000)
  to   space 1024K, 0% used [0x00000000d5b80000,0x00000000d5b80000,0x00000000d5c80000)
 ParOldGen       total 611840K, used 157163K [0x0000000080000000, 0x00000000a5580000, 0x00000000d5580000)
  object space 611840K, 25% used [0x0000000080000000,0x000000008997af20,0x00000000a5580000)
 Metaspace       used 91405K, committed 93568K, reserved 1179648K
  class space    used 9394K, committed 10304K, reserved 1048576K
}
Event: 5989.137 GC heap after
{Heap after GC invocations=1542 (full 5):
 PSYoungGen      total 5120K, used 564K [0x00000000d5580000, 0x00000000d5d80000, 0x0000000100000000)
  eden space 4096K, 0% used [0x00000000d5580000,0x00000000d5580000,0x00000000d5980000)
  from space 1024K, 55% used [0x00000000d5b80000,0x00000000d5c0d220,0x00000000d5c80000)
  to   space 1024K, 0% used [0x00000000d5c80000,0x00000000d5c80000,0x00000000d5d80000)
 ParOldGen       total 611840K, used 157561K [0x0000000080000000, 0x00000000a5580000, 0x00000000d5580000)
  object space 611840K, 25% used [0x0000000080000000,0x00000000899de6a0,0x00000000a5580000)
 Metaspace       used 91405K, committed 93568K, reserved 1179648K
  class space    used 9394K, committed 10304K, reserved 1048576K
}
Event: 5989.147 GC heap before
{Heap before GC invocations=1543 (full 5):
 PSYoungGen      total 5120K, used 4660K [0x00000000d5580000, 0x00000000d5d80000, 0x0000000100000000)
  eden space 4096K, 100% used [0x00000000d5580000,0x00000000d5980000,0x00000000d5980000)
  from space 1024K, 55% used [0x00000000d5b80000,0x00000000d5c0d220,0x00000000d5c80000)
  to   space 1024K, 0% used [0x00000000d5c80000,0x00000000d5c80000,0x00000000d5d80000)
 ParOldGen       total 611840K, used 157561K [0x0000000080000000, 0x00000000a5580000, 0x00000000d5580000)
  object space 611840K, 25% used [0x0000000080000000,0x00000000899de6a0,0x00000000a5580000)
 Metaspace       used 91405K, committed 93568K, reserved 1179648K
  class space    used 9394K, committed 10304K, reserved 1048576K
}
Event: 5989.148 GC heap after
{Heap after GC invocations=1543 (full 5):
 PSYoungGen      total 5120K, used 998K [0x00000000d5580000, 0x00000000d5d80000, 0x0000000100000000)
  eden space 4096K, 0% used [0x00000000d5580000,0x00000000d5580000,0x00000000d5980000)
  from space 1024K, 97% used [0x00000000d5c80000,0x00000000d5d79990,0x00000000d5d80000)
  to   space 2048K, 0% used [0x00000000d5980000,0x00000000d5980000,0x00000000d5b80000)
 ParOldGen       total 611840K, used 158026K [0x0000000080000000, 0x00000000a5580000, 0x00000000d5580000)
  object space 611840K, 25% used [0x0000000080000000,0x0000000089a52b50,0x00000000a5580000)
 Metaspace       used 91405K, committed 93568K, reserved 1179648K
  class space    used 9394K, committed 10304K, reserved 1048576K
}
Event: 5990.709 GC heap before
{Heap before GC invocations=1544 (full 5):
 PSYoungGen      total 5120K, used 5094K [0x00000000d5580000, 0x00000000d5d80000, 0x0000000100000000)
  eden space 4096K, 100% used [0x00000000d5580000,0x00000000d5980000,0x00000000d5980000)
  from space 1024K, 97% used [0x00000000d5c80000,0x00000000d5d79990,0x00000000d5d80000)
  to   space 2048K, 0% used [0x00000000d5980000,0x00000000d5980000,0x00000000d5b80000)
 ParOldGen       total 611840K, used 158026K [0x0000000080000000, 0x00000000a5580000, 0x00000000d5580000)
  object space 611840K, 25% used [0x0000000080000000,0x0000000089a52b50,0x00000000a5580000)
 Metaspace       used 91427K, committed 93568K, reserved 1179648K
  class space    used 9396K, committed 10304K, reserved 1048576K
}
Event: 5990.710 GC heap after
{Heap after GC invocations=1544 (full 5):
 PSYoungGen      total 6144K, used 601K [0x00000000d5580000, 0x00000000d5d00000, 0x0000000100000000)
  eden space 4096K, 0% used [0x00000000d5580000,0x00000000d5580000,0x00000000d5980000)
  from space 2048K, 29% used [0x00000000d5980000,0x00000000d5a16410,0x00000000d5b80000)
  to   space 1024K, 0% used [0x00000000d5c00000,0x00000000d5c00000,0x00000000d5d00000)
 ParOldGen       total 611840K, used 158514K [0x0000000080000000, 0x00000000a5580000, 0x00000000d5580000)
  object space 611840K, 25% used [0x0000000080000000,0x0000000089accb60,0x00000000a5580000)
 Metaspace       used 91427K, committed 93568K, reserved 1179648K
  class space    used 9396K, committed 10304K, reserved 1048576K
}
Event: 5990.723 GC heap before
{Heap before GC invocations=1545 (full 5):
 PSYoungGen      total 6144K, used 4697K [0x00000000d5580000, 0x00000000d5d00000, 0x0000000100000000)
  eden space 4096K, 100% used [0x00000000d5580000,0x00000000d5980000,0x00000000d5980000)
  from space 2048K, 29% used [0x00000000d5980000,0x00000000d5a16410,0x00000000d5b80000)
  to   space 1024K, 0% used [0x00000000d5c00000,0x00000000d5c00000,0x00000000d5d00000)
 ParOldGen       total 611840K, used 158514K [0x0000000080000000, 0x00000000a5580000, 0x00000000d5580000)
  object space 611840K, 25% used [0x0000000080000000,0x0000000089accb60,0x00000000a5580000)
 Metaspace       used 91428K, committed 93568K, reserved 1179648K
  class space    used 9396K, committed 10304K, reserved 1048576K
}
Event: 5990.724 GC heap after
{Heap after GC invocations=1545 (full 5):
 PSYoungGen      total 4608K, used 298K [0x00000000d5580000, 0x00000000d5c80000, 0x0000000100000000)
  eden space 4096K, 0% used [0x00000000d5580000,0x00000000d5580000,0x00000000d5980000)
  from space 512K, 58% used [0x00000000d5c00000,0x00000000d5c4a910,0x00000000d5c80000)
  to   space 512K, 0% used [0x00000000d5b80000,0x00000000d5b80000,0x00000000d5c00000)
 ParOldGen       total 611840K, used 158824K [0x0000000080000000, 0x00000000a5580000, 0x00000000d5580000)
  object space 611840K, 25% used [0x0000000080000000,0x0000000089b1a280,0x00000000a5580000)
 Metaspace       used 91428K, committed 93568K, reserved 1179648K
  class space    used 9396K, committed 10304K, reserved 1048576K
}
Event: 6018.091 GC heap before
{Heap before GC invocations=1546 (full 5):
 PSYoungGen      total 4608K, used 4394K [0x00000000d5580000, 0x00000000d5c80000, 0x0000000100000000)
  eden space 4096K, 100% used [0x00000000d5580000,0x00000000d5980000,0x00000000d5980000)
  from space 512K, 58% used [0x00000000d5c00000,0x00000000d5c4a910,0x00000000d5c80000)
  to   space 512K, 0% used [0x00000000d5b80000,0x00000000d5b80000,0x00000000d5c00000)
 ParOldGen       total 611840K, used 158824K [0x0000000080000000, 0x00000000a5580000, 0x00000000d5580000)
  object space 611840K, 25% used [0x0000000080000000,0x0000000089b1a280,0x00000000a5580000)
 Metaspace       used 91431K, committed 93568K, reserved 1179648K
  class space    used 9396K, committed 10304K, reserved 1048576K
}
Event: 6018.092 GC heap after
{Heap after GC invocations=1546 (full 5):
 PSYoungGen      total 4608K, used 224K [0x00000000d5580000, 0x00000000d5c80000, 0x0000000100000000)
  eden space 4096K, 0% used [0x00000000d5580000,0x00000000d5580000,0x00000000d5980000)
  from space 512K, 43% used [0x00000000d5b80000,0x00000000d5bb8000,0x00000000d5c00000)
  to   space 512K, 0% used [0x00000000d5c00000,0x00000000d5c00000,0x00000000d5c80000)
 ParOldGen       total 611840K, used 158888K [0x0000000080000000, 0x00000000a5580000, 0x00000000d5580000)
  object space 611840K, 25% used [0x0000000080000000,0x0000000089b2a290,0x00000000a5580000)
 Metaspace       used 91431K, committed 93568K, reserved 1179648K
  class space    used 9396K, committed 10304K, reserved 1048576K
}
Event: 6018.102 GC heap before
{Heap before GC invocations=1547 (full 5):
 PSYoungGen      total 4608K, used 4320K [0x00000000d5580000, 0x00000000d5c80000, 0x0000000100000000)
  eden space 4096K, 100% used [0x00000000d5580000,0x00000000d5980000,0x00000000d5980000)
  from space 512K, 43% used [0x00000000d5b80000,0x00000000d5bb8000,0x00000000d5c00000)
  to   space 512K, 0% used [0x00000000d5c00000,0x00000000d5c00000,0x00000000d5c80000)
 ParOldGen       total 611840K, used 158888K [0x0000000080000000, 0x00000000a5580000, 0x00000000d5580000)
  object space 611840K, 25% used [0x0000000080000000,0x0000000089b2a290,0x00000000a5580000)
 Metaspace       used 91431K, committed 93568K, reserved 1179648K
  class space    used 9396K, committed 10304K, reserved 1048576K
}
Event: 6018.103 GC heap after
{Heap after GC invocations=1547 (full 5):
 PSYoungGen      total 4608K, used 489K [0x00000000d5580000, 0x00000000d5c80000, 0x0000000100000000)
  eden space 4096K, 0% used [0x00000000d5580000,0x00000000d5580000,0x00000000d5980000)
  from space 512K, 95% used [0x00000000d5c00000,0x00000000d5c7a708,0x00000000d5c80000)
  to   space 1024K, 0% used [0x00000000d5a80000,0x00000000d5a80000,0x00000000d5b80000)
 ParOldGen       total 611840K, used 159096K [0x0000000080000000, 0x00000000a5580000, 0x00000000d5580000)
  object space 611840K, 26% used [0x0000000080000000,0x0000000089b5e290,0x00000000a5580000)
 Metaspace       used 91431K, committed 93568K, reserved 1179648K
  class space    used 9396K, committed 10304K, reserved 1048576K
}
Event: 6019.529 GC heap before
{Heap before GC invocations=1548 (full 5):
 PSYoungGen      total 4608K, used 4585K [0x00000000d5580000, 0x00000000d5c80000, 0x0000000100000000)
  eden space 4096K, 100% used [0x00000000d5580000,0x00000000d5980000,0x00000000d5980000)
  from space 512K, 95% used [0x00000000d5c00000,0x00000000d5c7a708,0x00000000d5c80000)
  to   space 1024K, 0% used [0x00000000d5a80000,0x00000000d5a80000,0x00000000d5b80000)
 ParOldGen       total 611840K, used 159096K [0x0000000080000000, 0x00000000a5580000, 0x00000000d5580000)
  object space 611840K, 26% used [0x0000000080000000,0x0000000089b5e290,0x00000000a5580000)
 Metaspace       used 91432K, committed 93568K, reserved 1179648K
  class space    used 9396K, committed 10304K, reserved 1048576K
}
Event: 6019.531 GC heap after
{Heap after GC invocations=1548 (full 5):
 PSYoungGen      total 5120K, used 745K [0x00000000d5580000, 0x00000000d5c80000, 0x0000000100000000)
  eden space 4096K, 0% used [0x00000000d5580000,0x00000000d5580000,0x00000000d5980000)
  from space 1024K, 72% used [0x00000000d5a80000,0x00000000d5b3a400,0x00000000d5b80000)
  to   space 1024K, 0% used [0x00000000d5b80000,0x00000000d5b80000,0x00000000d5c80000)
 ParOldGen       total 611840K, used 159557K [0x0000000080000000, 0x00000000a5580000, 0x00000000d5580000)
  object space 611840K, 26% used [0x0000000080000000,0x0000000089bd14c0,0x00000000a5580000)
 Metaspace       used 91432K, committed 93568K, reserved 1179648K
  class space    used 9396K, committed 10304K, reserved 1048576K
}
Event: 6019.545 GC heap before
{Heap before GC invocations=1549 (full 5):
 PSYoungGen      total 5120K, used 4841K [0x00000000d5580000, 0x00000000d5c80000, 0x0000000100000000)
  eden space 4096K, 100% used [0x00000000d5580000,0x00000000d5980000,0x00000000d5980000)
  from space 1024K, 72% used [0x00000000d5a80000,0x00000000d5b3a400,0x00000000d5b80000)
  to   space 1024K, 0% used [0x00000000d5b80000,0x00000000d5b80000,0x00000000d5c80000)
 ParOldGen       total 611840K, used 159557K [0x0000000080000000, 0x00000000a5580000, 0x00000000d5580000)
  object space 611840K, 26% used [0x0000000080000000,0x0000000089bd14c0,0x00000000a5580000)
 Metaspace       used 91435K, committed 93568K, reserved 1179648K
  class space    used 9396K, committed 10304K, reserved 1048576K
}
Event: 6019.546 GC heap after
{Heap after GC invocations=1549 (full 5):
 PSYoungGen      total 5120K, used 698K [0x00000000d5580000, 0x00000000d5c80000, 0x0000000100000000)
  eden space 4096K, 0% used [0x00000000d5580000,0x00000000d5580000,0x00000000d5980000)
  from space 1024K, 68% used [0x00000000d5b80000,0x00000000d5c2e900,0x00000000d5c80000)
  to   space 1024K, 0% used [0x00000000d5a80000,0x00000000d5a80000,0x00000000d5b80000)
 ParOldGen       total 611840K, used 159753K [0x0000000080000000, 0x00000000a5580000, 0x00000000d5580000)
  object space 611840K, 26% used [0x0000000080000000,0x0000000089c026c0,0x00000000a5580000)
 Metaspace       used 91435K, committed 93568K, reserved 1179648K
  class space    used 9396K, committed 10304K, reserved 1048576K
}
Event: 6295.443 GC heap before
{Heap before GC invocations=1550 (full 5):
 PSYoungGen      total 5120K, used 4794K [0x00000000d5580000, 0x00000000d5c80000, 0x0000000100000000)
  eden space 4096K, 100% used [0x00000000d5580000,0x00000000d5980000,0x00000000d5980000)
  from space 1024K, 68% used [0x00000000d5b80000,0x00000000d5c2e900,0x00000000d5c80000)
  to   space 1024K, 0% used [0x00000000d5a80000,0x00000000d5a80000,0x00000000d5b80000)
 ParOldGen       total 611840K, used 159753K [0x0000000080000000, 0x00000000a5580000, 0x00000000d5580000)
  object space 611840K, 26% used [0x0000000080000000,0x0000000089c026c0,0x00000000a5580000)
 Metaspace       used 91454K, committed 93568K, reserved 1179648K
  class space    used 9396K, committed 10304K, reserved 1048576K
}
Event: 6295.444 GC heap after
{Heap after GC invocations=1550 (full 5):
 PSYoungGen      total 5120K, used 224K [0x00000000d5580000, 0x00000000d5c00000, 0x0000000100000000)
  eden space 4096K, 0% used [0x00000000d5580000,0x00000000d5580000,0x00000000d5980000)
  from space 1024K, 21% used [0x00000000d5a80000,0x00000000d5ab8000,0x00000000d5b80000)
  to   space 512K, 0% used [0x00000000d5b80000,0x00000000d5b80000,0x00000000d5c00000)
 ParOldGen       total 611840K, used 159793K [0x0000000080000000, 0x00000000a5580000, 0x00000000d5580000)
  object space 611840K, 26% used [0x0000000080000000,0x0000000089c0c6c0,0x00000000a5580000)
 Metaspace       used 91454K, committed 93568K, reserved 1179648K
  class space    used 9396K, committed 10304K, reserved 1048576K
}

Dll operation events (12 events):
Event: 0.019 Loaded shared library c:\Users\HP\.vscode\extensions\redhat.java-1.51.0-win32-x64\jre\21.0.9-win32-x86_64\bin\java.dll
Event: 0.280 Loaded shared library c:\Users\HP\.vscode\extensions\redhat.java-1.51.0-win32-x64\jre\21.0.9-win32-x86_64\bin\zip.dll
Event: 0.363 Loaded shared library C:\Users\HP\.vscode\extensions\redhat.java-1.51.0-win32-x64\jre\21.0.9-win32-x86_64\bin\instrument.dll
Event: 0.373 Loaded shared library C:\Users\HP\.vscode\extensions\redhat.java-1.51.0-win32-x64\jre\21.0.9-win32-x86_64\bin\net.dll
Event: 0.377 Loaded shared library C:\Users\HP\.vscode\extensions\redhat.java-1.51.0-win32-x64\jre\21.0.9-win32-x86_64\bin\nio.dll
Event: 0.390 Loaded shared library C:\Users\HP\.vscode\extensions\redhat.java-1.51.0-win32-x64\jre\21.0.9-win32-x86_64\bin\zip.dll
Event: 0.428 Loaded shared library C:\Users\HP\.vscode\extensions\redhat.java-1.51.0-win32-x64\jre\21.0.9-win32-x86_64\bin\jimage.dll
Event: 0.570 Loaded shared library c:\Users\HP\.vscode\extensions\redhat.java-1.51.0-win32-x64\jre\21.0.9-win32-x86_64\bin\verify.dll
Event: 2.858 Loaded shared library C:\Users\HP\AppData\Roaming\Code\User\globalStorage\redhat.java\1.51.0\config_win\org.eclipse.equinox.launcher\org.eclipse.equinox.launcher.win32.win32.x86_64_1.2.1400.v20250801-0854\eclipse_11916.dll
Event: 6.381 Loaded shared library C:\Users\HP\AppData\Local\Temp\jna-2312\jna11251140935292980169.dll
Event: 4778.288 Loaded shared library C:\Users\HP\.vscode\extensions\redhat.java-1.51.0-win32-x64\jre\21.0.9-win32-x86_64\bin\sunmscapi.dll
Event: 4778.322 Loaded shared library C:\Users\HP\.vscode\extensions\redhat.java-1.51.0-win32-x64\jre\21.0.9-win32-x86_64\bin\extnet.dll

Deoptimization events (20 events):
Event: 5989.150 Thread 0x00000223f4b0d230 Uncommon trap: trap_request=0xffffffc6 fr.pc=0x00000223df079c04 relative=0x0000000000000464
Event: 5989.150 Thread 0x00000223f4b0d230 Uncommon trap: reason=bimorphic_or_optimized_type_check action=maybe_recompile pc=0x00000223df079c04 method=org.eclipse.jdt.internal.compiler.ast.Statement.generateArguments(Lorg/eclipse/jdt/internal/compiler/lookup/MethodBinding;[Lorg/eclipse/jdt/interna
Event: 5989.150 Thread 0x00000223f4b0d230 DEOPT PACKING pc=0x00000223df079c04 sp=0x00000093267fe0d0
Event: 5989.150 Thread 0x00000223f4b0d230 DEOPT UNPACKING pc=0x00000223dd3d6da2 sp=0x00000093267fe030 mode 2
Event: 5990.717 Thread 0x00000223f4b06fc0 Uncommon trap: trap_request=0xffffffc6 fr.pc=0x00000223df079c04 relative=0x0000000000000464
Event: 5990.717 Thread 0x00000223f4b06fc0 Uncommon trap: reason=bimorphic_or_optimized_type_check action=maybe_recompile pc=0x00000223df079c04 method=org.eclipse.jdt.internal.compiler.ast.Statement.generateArguments(Lorg/eclipse/jdt/internal/compiler/lookup/MethodBinding;[Lorg/eclipse/jdt/interna
Event: 5990.717 Thread 0x00000223f4b06fc0 DEOPT PACKING pc=0x00000223df079c04 sp=0x00000093284fe440
Event: 5990.717 Thread 0x00000223f4b06fc0 DEOPT UNPACKING pc=0x00000223dd3d6da2 sp=0x00000093284fe3a0 mode 2
Event: 5990.728 Thread 0x00000223f4b06fc0 Uncommon trap: trap_request=0xffffffc6 fr.pc=0x00000223df079c04 relative=0x0000000000000464
Event: 5990.728 Thread 0x00000223f4b06fc0 Uncommon trap: reason=bimorphic_or_optimized_type_check action=maybe_recompile pc=0x00000223df079c04 method=org.eclipse.jdt.internal.compiler.ast.Statement.generateArguments(Lorg/eclipse/jdt/internal/compiler/lookup/MethodBinding;[Lorg/eclipse/jdt/interna
Event: 5990.728 Thread 0x00000223f4b06fc0 DEOPT PACKING pc=0x00000223df079c04 sp=0x00000093284fe440
Event: 5990.728 Thread 0x00000223f4b06fc0 DEOPT UNPACKING pc=0x00000223dd3d6da2 sp=0x00000093284fe3a0 mode 2
Event: 6018.097 Thread 0x00000223f4b07ce0 Uncommon trap: trap_request=0xfffffff4 fr.pc=0x00000223dedb6594 relative=0x0000000000001394
Event: 6018.097 Thread 0x00000223f4b07ce0 Uncommon trap: reason=null_check action=make_not_entrant pc=0x00000223dedb6594 method=org.eclipse.jdt.internal.core.NameLookup.getModuleDescription(Lorg/eclipse/jdt/internal/core/JavaProject;Lorg/eclipse/jdt/core/IPackageFragmentRoot;Ljava/util/Map;Ljava/
Event: 6018.097 Thread 0x00000223f4b07ce0 DEOPT PACKING pc=0x00000223dedb6594 sp=0x00000093268fd990
Event: 6018.097 Thread 0x00000223f4b07ce0 DEOPT UNPACKING pc=0x00000223dd3d6da2 sp=0x00000093268fd940 mode 2
Event: 6018.104 Thread 0x00000223f4b07ce0 Uncommon trap: trap_request=0xffffffc6 fr.pc=0x00000223df079c04 relative=0x0000000000000464
Event: 6018.104 Thread 0x00000223f4b07ce0 Uncommon trap: reason=bimorphic_or_optimized_type_check action=maybe_recompile pc=0x00000223df079c04 method=org.eclipse.jdt.internal.compiler.ast.Statement.generateArguments(Lorg/eclipse/jdt/internal/compiler/lookup/MethodBinding;[Lorg/eclipse/jdt/interna
Event: 6018.104 Thread 0x00000223f4b07ce0 DEOPT PACKING pc=0x00000223df079c04 sp=0x00000093268fdb80
Event: 6018.104 Thread 0x00000223f4b07ce0 DEOPT UNPACKING pc=0x00000223dd3d6da2 sp=0x00000093268fdae0 mode 2

Classes loaded (20 events):
Event: 4783.477 Loading class org/xml/sax/SAXNotRecognizedException
Event: 4783.477 Loading class org/xml/sax/SAXNotRecognizedException done
Event: 4783.477 Loading class org/xml/sax/SAXNotSupportedException
Event: 4783.478 Loading class org/xml/sax/SAXNotSupportedException done
Event: 4783.479 Loading class com/sun/org/apache/xerces/internal/util/URI
Event: 4783.482 Loading class com/sun/org/apache/xerces/internal/util/URI done
Event: 4783.483 Loading class com/sun/org/apache/xerces/internal/xni/XNIException
Event: 4783.483 Loading class com/sun/org/apache/xerces/internal/xni/XNIException done
Event: 4783.488 Loading class com/sun/org/apache/xerces/internal/xni/parser/XMLParseException
Event: 4783.488 Loading class com/sun/org/apache/xerces/internal/xni/parser/XMLParseException done
Event: 4783.531 Loading class java/util/concurrent/LinkedBlockingQueue$Itr
Event: 4783.531 Loading class java/util/concurrent/LinkedBlockingQueue$Itr done
Event: 4873.893 Loading class java/util/LinkedList$LLSpliterator
Event: 4873.894 Loading class java/util/LinkedList$LLSpliterator done
Event: 4873.894 Loading class sun/security/ssl/Alert
Event: 4873.894 Loading class sun/security/ssl/Alert done
Event: 4873.894 Loading class sun/security/ssl/Alert$AlertConsumer
Event: 4873.895 Loading class sun/security/ssl/Alert$AlertConsumer done
Event: 4873.895 Loading class sun/security/ssl/Alert$Level
Event: 4873.895 Loading class sun/security/ssl/Alert$Level done

Classes unloaded (20 events):
Event: 4873.759 Thread 0x00000223d2cf22e0 Unloading class 0x0000022381017400 'java/lang/invoke/LambdaForm$MH+0x0000022381017400'
Event: 4873.759 Thread 0x00000223d2cf22e0 Unloading class 0x0000022381016400 'java/lang/invoke/LambdaForm$MH+0x0000022381016400'
Event: 4873.759 Thread 0x00000223d2cf22e0 Unloading class 0x000002238100d800 'java/lang/invoke/LambdaForm$MH+0x000002238100d800'
Event: 4873.759 Thread 0x00000223d2cf22e0 Unloading class 0x000002238100d400 'java/lang/invoke/LambdaForm$MH+0x000002238100d400'
Event: 4873.759 Thread 0x00000223d2cf22e0 Unloading class 0x000002238100d000 'java/lang/invoke/LambdaForm$MH+0x000002238100d000'
Event: 4873.759 Thread 0x00000223d2cf22e0 Unloading class 0x000002238100cc00 'java/lang/invoke/LambdaForm$MH+0x000002238100cc00'
Event: 4873.759 Thread 0x00000223d2cf22e0 Unloading class 0x000002238100c800 'java/lang/invoke/LambdaForm$BMH+0x000002238100c800'
Event: 4873.759 Thread 0x00000223d2cf22e0 Unloading class 0x000002238100c000 'java/lang/invoke/LambdaForm$DMH+0x000002238100c000'
Event: 4873.759 Thread 0x00000223d2cf22e0 Unloading class 0x0000022381008c00 'java/lang/invoke/LambdaForm$MH+0x0000022381008c00'
Event: 4873.759 Thread 0x00000223d2cf22e0 Unloading class 0x0000022381008800 'java/lang/invoke/LambdaForm$MH+0x0000022381008800'
Event: 4873.759 Thread 0x00000223d2cf22e0 Unloading class 0x0000022381008400 'java/lang/invoke/LambdaForm$MH+0x0000022381008400'
Event: 4873.759 Thread 0x00000223d2cf22e0 Unloading class 0x0000022381007000 'java/lang/invoke/LambdaForm$MH+0x0000022381007000'
Event: 4873.759 Thread 0x00000223d2cf22e0 Unloading class 0x0000022381006800 'java/lang/invoke/LambdaForm$MH+0x0000022381006800'
Event: 4873.759 Thread 0x00000223d2cf22e0 Unloading class 0x0000022381006400 'java/lang/invoke/LambdaForm$MH+0x0000022381006400'
Event: 4873.759 Thread 0x00000223d2cf22e0 Unloading class 0x0000022381006000 'java/lang/invoke/LambdaForm$MH+0x0000022381006000'
Event: 4873.759 Thread 0x00000223d2cf22e0 Unloading class 0x0000022381005c00 'java/lang/invoke/LambdaForm$BMH+0x0000022381005c00'
Event: 4873.759 Thread 0x00000223d2cf22e0 Unloading class 0x0000022381004800 'java/lang/invoke/LambdaForm$DMH+0x0000022381004800'
Event: 4873.759 Thread 0x00000223d2cf22e0 Unloading class 0x0000022381002400 'java/lang/invoke/LambdaForm$MH+0x0000022381002400'
Event: 4873.759 Thread 0x00000223d2cf22e0 Unloading class 0x0000022381002000 'java/lang/invoke/LambdaForm$MH+0x0000022381002000'
Event: 4873.759 Thread 0x00000223d2cf22e0 Unloading class 0x0000022381001800 'java/lang/invoke/LambdaForm$MH+0x0000022381001800'

Classes redefined (0 events):
No events

Internal exceptions (20 events):
Event: 5083.589 Thread 0x00000223f286a130 Exception <a 'sun/nio/fs/WindowsException'{0x00000000d58a8ee0}> (0x00000000d58a8ee0) 
thrown [s\src\hotspot\share\prims\jni.cpp, line 520]
Event: 5083.589 Thread 0x00000223f286a130 Exception <a 'sun/nio/fs/WindowsException'{0x00000000d58a97c0}> (0x00000000d58a97c0) 
thrown [s\src\hotspot\share\prims\jni.cpp, line 520]
Event: 5083.590 Thread 0x00000223f286a130 Exception <a 'sun/nio/fs/WindowsException'{0x00000000d58adb28}> (0x00000000d58adb28) 
thrown [s\src\hotspot\share\prims\jni.cpp, line 520]
Event: 5083.590 Thread 0x00000223f286a130 Exception <a 'sun/nio/fs/WindowsException'{0x00000000d58ae408}> (0x00000000d58ae408) 
thrown [s\src\hotspot\share\prims\jni.cpp, line 520]
Event: 5083.590 Thread 0x00000223f286a130 Exception <a 'sun/nio/fs/WindowsException'{0x00000000d58b18b0}> (0x00000000d58b18b0) 
thrown [s\src\hotspot\share\prims\jni.cpp, line 520]
Event: 5083.590 Thread 0x00000223f286a130 Exception <a 'sun/nio/fs/WindowsException'{0x00000000d58b2410}> (0x00000000d58b2410) 
thrown [s\src\hotspot\share\prims\jni.cpp, line 520]
Event: 5083.590 Thread 0x00000223f286a130 Exception <a 'sun/nio/fs/WindowsException'{0x00000000d58b5e88}> (0x00000000d58b5e88) 
thrown [s\src\hotspot\share\prims\jni.cpp, line 520]
Event: 5083.590 Thread 0x00000223f286a130 Exception <a 'sun/nio/fs/WindowsException'{0x00000000d58b6768}> (0x00000000d58b6768) 
thrown [s\src\hotspot\share\prims\jni.cpp, line 520]
Event: 5083.591 Thread 0x00000223f286a130 Exception <a 'sun/nio/fs/WindowsException'{0x00000000d58b8318}> (0x00000000d58b8318) 
thrown [s\src\hotspot\share\prims\jni.cpp, line 520]
Event: 5083.591 Thread 0x00000223f286a130 Exception <a 'sun/nio/fs/WindowsException'{0x00000000d58b8bf8}> (0x00000000d58b8bf8) 
thrown [s\src\hotspot\share\prims\jni.cpp, line 520]
Event: 5083.594 Thread 0x00000223f286a130 Implicit null exception at 0x00000223ddfdd735 to 0x00000223ddfdd9a8
Event: 5083.595 Thread 0x00000223f286a130 Implicit null exception at 0x00000223dd98c90e to 0x00000223dd98c9b5
Event: 5083.596 Thread 0x00000223f286a130 Implicit null exception at 0x00000223de92ca35 to 0x00000223de92cc58
Event: 5083.600 Thread 0x00000223f286a130 Implicit null exception at 0x00000223de90a135 to 0x00000223de90a3bd
Event: 5083.625 Thread 0x00000223f286a130 Exception <a 'java/lang/NoSuchMethodError'{0x00000000d56ac2e8}: static Lorg/eclipse/m2e/core/internal/lifecyclemapping/model/PluginExecutionMetadata;.<clinit>()V> (0x00000000d56ac2e8) 
thrown [s\src\hotspot\share\prims\jni.cpp, line 1111]
Event: 5083.626 Thread 0x00000223f286a130 Exception <a 'java/lang/NoSuchMethodError'{0x00000000d56d0100}: static Lorg/eclipse/m2e/core/internal/lifecyclemapping/model/PluginExecutionFilter;.<clinit>()V> (0x00000000d56d0100) 
thrown [s\src\hotspot\share\prims\jni.cpp, line 1111]
Event: 5083.627 Thread 0x00000223f286a130 Exception <a 'java/lang/NoSuchMethodError'{0x00000000d56e52d8}: static Lorg/eclipse/m2e/core/internal/project/registry/MavenProjectFacade$MavenProjectConfiguration;.<clinit>()V> (0x00000000d56e52d8) 
thrown [s\src\hotspot\share\prims\jni.cpp, line 1111]
Event: 5083.628 Thread 0x00000223f286a130 Implicit null exception at 0x00000223ded0b3f3 to 0x00000223ded0ba2c
Event: 5083.628 Thread 0x00000223f286a130 Exception <a 'java/lang/NoSuchMethodError'{0x00000000d5701fa0}: static [J.<clinit>()V> (0x00000000d5701fa0) 
thrown [s\src\hotspot\share\prims\jni.cpp, line 1111]
Event: 6018.097 Thread 0x00000223f4b07ce0 Implicit null exception at 0x00000223dedb5638 to 0x00000223dedb6580

ZGC Phase Switch (0 events):
No events

VM Operations (20 events):
Event: 6019.529 Executing VM operation: ParallelGCFailedAllocation (Allocation Failure)
Event: 6019.531 Executing VM operation: ParallelGCFailedAllocation (Allocation Failure) done
Event: 6019.545 Executing VM operation: ParallelGCFailedAllocation (Allocation Failure)
Event: 6019.546 Executing VM operation: ParallelGCFailedAllocation (Allocation Failure) done
Event: 6072.132 Executing VM operation: HandshakeAllThreads (HandshakeForDeflation)
Event: 6072.132 Executing VM operation: HandshakeAllThreads (HandshakeForDeflation) done
Event: 6072.132 Executing VM operation: RendezvousGCThreads
Event: 6072.132 Executing VM operation: RendezvousGCThreads done
Event: 6295.443 Executing VM operation: ParallelGCFailedAllocation (Allocation Failure)
Event: 6295.444 Executing VM operation: ParallelGCFailedAllocation (Allocation Failure) done
Event: 6297.440 Executing VM operation: Cleanup
Event: 6297.440 Executing VM operation: Cleanup done
Event: 6372.868 Executing VM operation: HandshakeAllThreads (HandshakeForDeflation)
Event: 6372.868 Executing VM operation: HandshakeAllThreads (HandshakeForDeflation) done
Event: 6372.868 Executing VM operation: RendezvousGCThreads
Event: 6372.868 Executing VM operation: RendezvousGCThreads done
Event: 6433.069 Executing VM operation: HandshakeAllThreads (HandshakeForDeflation)
Event: 6433.069 Executing VM operation: HandshakeAllThreads (HandshakeForDeflation) done
Event: 6433.069 Executing VM operation: RendezvousGCThreads
Event: 6433.069 Executing VM operation: RendezvousGCThreads done

Memory protections (0 events):
No events

Nmethod flushes (20 events):
Event: 4873.819 Thread 0x00000223d2cf22e0 flushing  nmethod 0x00000223d866eb90
Event: 4873.819 Thread 0x00000223d2cf22e0 flushing  nmethod 0x00000223d8670210
Event: 4873.819 Thread 0x00000223d2cf22e0 flushing  nmethod 0x00000223d8671390
Event: 4873.819 Thread 0x00000223d2cf22e0 flushing  nmethod 0x00000223d8671d10
Event: 4873.819 Thread 0x00000223d2cf22e0 flushing  nmethod 0x00000223d8672090
Event: 4873.819 Thread 0x00000223d2cf22e0 flushing  nmethod 0x00000223d8673d90
Event: 4873.819 Thread 0x00000223d2cf22e0 flushing  nmethod 0x00000223d8678010
Event: 4873.819 Thread 0x00000223d2cf22e0 flushing  nmethod 0x00000223d867c810
Event: 4873.819 Thread 0x00000223d2cf22e0 flushing  nmethod 0x00000223d8681b90
Event: 4873.819 Thread 0x00000223d2cf22e0 flushing  nmethod 0x00000223d8682290
Event: 4873.819 Thread 0x00000223d2cf22e0 flushing  nmethod 0x00000223d8684390
Event: 4873.819 Thread 0x00000223d2cf22e0 flushing  nmethod 0x00000223d8685590
Event: 4873.819 Thread 0x00000223d2cf22e0 flushing  nmethod 0x00000223d8686c10
Event: 4873.819 Thread 0x00000223d2cf22e0 flushing  nmethod 0x00000223d8689390
Event: 4873.819 Thread 0x00000223d2cf22e0 flushing  nmethod 0x00000223d8689f90
Event: 4873.819 Thread 0x00000223d2cf22e0 flushing  nmethod 0x00000223d8694110
Event: 4873.819 Thread 0x00000223d2cf22e0 flushing  nmethod 0x00000223d86a9810
Event: 4873.819 Thread 0x00000223d2cf22e0 flushing  nmethod 0x00000223d86b5510
Event: 4873.819 Thread 0x00000223d2cf22e0 flushing  nmethod 0x00000223d86bc410
Event: 4873.819 Thread 0x00000223d2cf22e0 flushing osr nmethod 0x00000223d86bec90

Events (20 events):
Event: 5088.663 Thread 0x00000223f365b330 Thread exited: 0x00000223f365b330
Event: 5088.664 Thread 0x00000223f3658380 Thread exited: 0x00000223f3658380
Event: 5120.626 Thread 0x00000223f286a7c0 Thread exited: 0x00000223f286a7c0
Event: 5180.632 Thread 0x00000223efb4af40 Thread exited: 0x00000223efb4af40
Event: 5240.641 Thread 0x00000223f286b4e0 Thread exited: 0x00000223f286b4e0
Event: 5300.653 Thread 0x00000223f286c890 Thread exited: 0x00000223f286c890
Event: 5874.942 Thread 0x00000223f286c200 Thread added: 0x00000223f4b0aad0
Event: 5875.001 Thread 0x00000223d2bcffb0 Thread added: 0x00000223f3655aa0
Event: 5880.015 Thread 0x00000223f3655aa0 Thread exited: 0x00000223f3655aa0
Event: 5935.012 Thread 0x00000223f4b0aad0 Thread exited: 0x00000223f4b0aad0
Event: 5944.951 Thread 0x00000223f286c200 Thread added: 0x00000223f4b0b160
Event: 5944.951 Thread 0x00000223f286c200 Thread added: 0x00000223f4b0b7f0
Event: 5944.952 Thread 0x00000223f4b0b7f0 Thread added: 0x00000223f4b0d230
Event: 5989.094 Thread 0x00000223f286c200 Thread added: 0x00000223f4b07ce0
Event: 6019.523 Thread 0x00000223f4b06fc0 Thread added: 0x00000223f4b0aad0
Event: 6078.597 Thread 0x00000223f4b07ce0 Thread exited: 0x00000223f4b07ce0
Event: 6079.549 Thread 0x00000223f286a130 Thread exited: 0x00000223f286a130
Event: 6138.609 Thread 0x00000223f4b0b7f0 Thread exited: 0x00000223f4b0b7f0
Event: 6198.610 Thread 0x00000223f4b0b160 Thread exited: 0x00000223f4b0b160
Event: 6258.610 Thread 0x00000223f4b0d230 Thread exited: 0x00000223f4b0d230


Dynamic libraries:
0x00007ff6c1540000 - 0x00007ff6c154e000 	c:\Users\HP\.vscode\extensions\redhat.java-1.51.0-win32-x64\jre\21.0.9-win32-x86_64\bin\java.exe
0x00007ff98c4f0000 - 0x00007ff98c707000 	C:\WINDOWS\SYSTEM32\ntdll.dll
0x00007ff98b430000 - 0x00007ff98b4f4000 	C:\WINDOWS\System32\KERNEL32.DLL
0x00007ff989980000 - 0x00007ff989d52000 	C:\WINDOWS\System32\KERNELBASE.dll
0x00007ff98a060000 - 0x00007ff98a171000 	C:\WINDOWS\System32\ucrtbase.dll
0x00007ff96d500000 - 0x00007ff96d518000 	c:\Users\HP\.vscode\extensions\redhat.java-1.51.0-win32-x64\jre\21.0.9-win32-x86_64\bin\jli.dll
0x00007ff98c290000 - 0x00007ff98c441000 	C:\WINDOWS\System32\USER32.dll
0x00007ff9895e0000 - 0x00007ff989606000 	C:\WINDOWS\System32\win32u.dll
0x00007ff98b9d0000 - 0x00007ff98b9f9000 	C:\WINDOWS\System32\GDI32.dll
0x00007ff989e90000 - 0x00007ff989fb3000 	C:\WINDOWS\System32\gdi32full.dll
0x00007ff989fc0000 - 0x00007ff98a05a000 	C:\WINDOWS\System32\msvcp_win.dll
0x00007ff96d000000 - 0x00007ff96d01e000 	c:\Users\HP\.vscode\extensions\redhat.java-1.51.0-win32-x64\jre\21.0.9-win32-x86_64\bin\VCRUNTIME140.dll
0x00007ff96f850000 - 0x00007ff96faeb000 	C:\WINDOWS\WinSxS\amd64_microsoft.windows.common-controls_6595b64144ccf1df_6.0.22621.5547_none_27104afb73855772\COMCTL32.dll
0x00007ff98a4b0000 - 0x00007ff98a557000 	C:\WINDOWS\System32\msvcrt.dll
0x00007ff98bb60000 - 0x00007ff98bb91000 	C:\WINDOWS\System32\IMM32.DLL
0x00007ff981f50000 - 0x00007ff981f5c000 	c:\Users\HP\.vscode\extensions\redhat.java-1.51.0-win32-x64\jre\21.0.9-win32-x86_64\bin\vcruntime140_1.dll
0x00007ff95cd90000 - 0x00007ff95ce1d000 	c:\Users\HP\.vscode\extensions\redhat.java-1.51.0-win32-x64\jre\21.0.9-win32-x86_64\bin\msvcp140.dll
0x00007ff8e2390000 - 0x00007ff8e3130000 	c:\Users\HP\.vscode\extensions\redhat.java-1.51.0-win32-x64\jre\21.0.9-win32-x86_64\bin\server\jvm.dll
0x00007ff98ba10000 - 0x00007ff98bac1000 	C:\WINDOWS\System32\ADVAPI32.dll
0x00007ff98a230000 - 0x00007ff98a2d8000 	C:\WINDOWS\System32\sechost.dll
0x00007ff989e60000 - 0x00007ff989e88000 	C:\WINDOWS\System32\bcrypt.dll
0x00007ff98bfd0000 - 0x00007ff98c0e4000 	C:\WINDOWS\System32\RPCRT4.dll
0x00007ff98a750000 - 0x00007ff98a7c1000 	C:\WINDOWS\System32\WS2_32.dll
0x00007ff988e50000 - 0x00007ff988e9d000 	C:\WINDOWS\SYSTEM32\POWRPROF.dll
0x00007ff9840a0000 - 0x00007ff9840d4000 	C:\WINDOWS\SYSTEM32\WINMM.dll
0x00007ff97f480000 - 0x00007ff97f48a000 	C:\WINDOWS\SYSTEM32\VERSION.dll
0x00007ff988e30000 - 0x00007ff988e43000 	C:\WINDOWS\SYSTEM32\UMPDC.dll
0x00007ff9885d0000 - 0x00007ff9885e8000 	C:\WINDOWS\SYSTEM32\kernel.appcore.dll
0x00007ff980cb0000 - 0x00007ff980cba000 	c:\Users\HP\.vscode\extensions\redhat.java-1.51.0-win32-x64\jre\21.0.9-win32-x86_64\bin\jimage.dll
0x00007ff986da0000 - 0x00007ff986fd3000 	C:\WINDOWS\SYSTEM32\DBGHELP.DLL
0x00007ff98bba0000 - 0x00007ff98bf33000 	C:\WINDOWS\System32\combase.dll
0x00007ff98a670000 - 0x00007ff98a747000 	C:\WINDOWS\System32\OLEAUT32.dll
0x00007ff96f810000 - 0x00007ff96f842000 	C:\WINDOWS\SYSTEM32\dbgcore.DLL
0x00007ff989d60000 - 0x00007ff989ddb000 	C:\WINDOWS\System32\bcryptPrimitives.dll
0x00007ff980c90000 - 0x00007ff980c9f000 	c:\Users\HP\.vscode\extensions\redhat.java-1.51.0-win32-x64\jre\21.0.9-win32-x86_64\bin\instrument.dll
0x00007ff96cfe0000 - 0x00007ff96d000000 	c:\Users\HP\.vscode\extensions\redhat.java-1.51.0-win32-x64\jre\21.0.9-win32-x86_64\bin\java.dll
0x00007ff98aab0000 - 0x00007ff98b352000 	C:\WINDOWS\System32\SHELL32.dll
0x00007ff989610000 - 0x00007ff98974f000 	C:\WINDOWS\System32\wintypes.dll
0x00007ff9874c0000 - 0x00007ff987ddd000 	C:\WINDOWS\SYSTEM32\windows.storage.dll
0x00007ff98a560000 - 0x00007ff98a66c000 	C:\WINDOWS\System32\SHCORE.dll
0x00007ff98a7d0000 - 0x00007ff98a839000 	C:\WINDOWS\System32\shlwapi.dll
0x00007ff989510000 - 0x00007ff98953b000 	C:\WINDOWS\SYSTEM32\profapi.dll
0x00007ff96caa0000 - 0x00007ff96cab8000 	c:\Users\HP\.vscode\extensions\redhat.java-1.51.0-win32-x64\jre\21.0.9-win32-x86_64\bin\zip.dll
0x00007ff97e2d0000 - 0x00007ff97e2e0000 	C:\Users\HP\.vscode\extensions\redhat.java-1.51.0-win32-x64\jre\21.0.9-win32-x86_64\bin\net.dll
0x00007ff9842d0000 - 0x00007ff9843fc000 	C:\WINDOWS\SYSTEM32\WINHTTP.dll
0x00007ff988a40000 - 0x00007ff988aa9000 	C:\WINDOWS\system32\mswsock.dll
0x00007ff96ca80000 - 0x00007ff96ca96000 	C:\Users\HP\.vscode\extensions\redhat.java-1.51.0-win32-x64\jre\21.0.9-win32-x86_64\bin\nio.dll
0x00007ff97e280000 - 0x00007ff97e290000 	c:\Users\HP\.vscode\extensions\redhat.java-1.51.0-win32-x64\jre\21.0.9-win32-x86_64\bin\verify.dll
0x00007ff96d910000 - 0x00007ff96d954000 	C:\Users\HP\AppData\Roaming\Code\User\globalStorage\redhat.java\1.51.0\config_win\org.eclipse.equinox.launcher\org.eclipse.equinox.launcher.win32.win32.x86_64_1.2.1400.v20250801-0854\eclipse_11916.dll
0x00007ff98c0f0000 - 0x00007ff98c290000 	C:\WINDOWS\System32\ole32.dll
0x00007ff988e10000 - 0x00007ff988e2b000 	C:\WINDOWS\SYSTEM32\CRYPTSP.dll
0x00007ff988530000 - 0x00007ff988567000 	C:\WINDOWS\system32\rsaenh.dll
0x00007ff988ae0000 - 0x00007ff988b08000 	C:\WINDOWS\SYSTEM32\USERENV.dll
0x00007ff988de0000 - 0x00007ff988dec000 	C:\WINDOWS\SYSTEM32\CRYPTBASE.dll
0x00007ff988040000 - 0x00007ff98806d000 	C:\WINDOWS\SYSTEM32\IPHLPAPI.DLL
0x00007ff98ba00000 - 0x00007ff98ba09000 	C:\WINDOWS\System32\NSI.dll
0x00007ff96d610000 - 0x00007ff96d659000 	C:\Users\HP\AppData\Local\Temp\jna-2312\jna11251140935292980169.dll
0x00007ff98bf40000 - 0x00007ff98bf48000 	C:\WINDOWS\System32\PSAPI.DLL
0x00007ff9845c0000 - 0x00007ff9845d9000 	C:\WINDOWS\SYSTEM32\dhcpcsvc6.DLL
0x00007ff984080000 - 0x00007ff98409f000 	C:\WINDOWS\SYSTEM32\dhcpcsvc.DLL
0x00007ff980ca0000 - 0x00007ff980cae000 	C:\Users\HP\.vscode\extensions\redhat.java-1.51.0-win32-x64\jre\21.0.9-win32-x86_64\bin\sunmscapi.dll
0x00007ff989750000 - 0x00007ff9898b7000 	C:\WINDOWS\System32\CRYPT32.dll
0x00007ff988f70000 - 0x00007ff988f9d000 	C:\WINDOWS\SYSTEM32\ncrypt.dll
0x00007ff988f30000 - 0x00007ff988f67000 	C:\WINDOWS\SYSTEM32\NTASN1.dll
0x00007ff8fd020000 - 0x00007ff8fd028000 	C:\WINDOWS\system32\wshunix.dll
0x00007ff97e320000 - 0x00007ff97e329000 	C:\Users\HP\.vscode\extensions\redhat.java-1.51.0-win32-x64\jre\21.0.9-win32-x86_64\bin\extnet.dll
0x00007ff9880b0000 - 0x00007ff9881a8000 	C:\WINDOWS\SYSTEM32\DNSAPI.dll
0x00007ff97fb90000 - 0x00007ff97fb9a000 	C:\Windows\System32\rasadhlp.dll
0x00007ff981c90000 - 0x00007ff981d14000 	C:\WINDOWS\System32\fwpuclnt.dll

JVMTI agents:
c:\Users\HP\.vscode\extensions\redhat.java-1.51.0-win32-x64\lombok\lombok-1.18.39-4050.jar path:c:\Users\HP\.vscode\extensions\redhat.java-1.51.0-win32-x64\jre\21.0.9-win32-x86_64\bin\instrument.dll, loaded, initialized, instrumentlib options:none

dbghelp: loaded successfully - version: 4.0.5 - missing functions: none
symbol engine: initialized successfully - sym options: 0x614 - pdb path: .;c:\Users\HP\.vscode\extensions\redhat.java-1.51.0-win32-x64\jre\21.0.9-win32-x86_64\bin;C:\WINDOWS\SYSTEM32;C:\WINDOWS\WinSxS\amd64_microsoft.windows.common-controls_6595b64144ccf1df_6.0.22621.5547_none_27104afb73855772;c:\Users\HP\.vscode\extensions\redhat.java-1.51.0-win32-x64\jre\21.0.9-win32-x86_64\bin\server;C:\Users\HP\AppData\Roaming\Code\User\globalStorage\redhat.java\1.51.0\config_win\org.eclipse.equinox.launcher\org.eclipse.equinox.launcher.win32.win32.x86_64_1.2.1400.v20250801-0854;C:\Users\HP\AppData\Local\Temp\jna-2312

VM Arguments:
jvm_args: --add-modules=ALL-SYSTEM --add-opens=java.base/java.util=ALL-UNNAMED --add-opens=java.base/java.lang=ALL-UNNAMED --add-opens=java.base/sun.nio.fs=ALL-UNNAMED -Declipse.application=org.eclipse.jdt.ls.core.id1 -Dosgi.bundles.defaultStartLevel=4 -Declipse.product=org.eclipse.jdt.ls.core.product -Djava.import.generatesMetadataFilesAtProjectRoot=false -DDetectVMInstallationsJob.disabled=true -Dfile.encoding=utf8 -XX:+UseParallelGC -XX:GCTimeRatio=4 -XX:AdaptiveSizePolicyWeight=90 -Dsun.zip.disableMemoryMapping=true -Xmx2G -Xms100m -Xlog:disable -javaagent:c:\Users\HP\.vscode\extensions\redhat.java-1.51.0-win32-x64\lombok\lombok-1.18.39-4050.jar -XX:+HeapDumpOnOutOfMemoryError -XX:HeapDumpPath=c:\Users\HP\AppData\Roaming\Code\User\workspaceStorage\a51d7faf6a931bf7e6f441c935a9b4af\redhat.java -Daether.dependencyCollector.impl=bf 
java_command: c:\Users\HP\.vscode\extensions\redhat.java-1.51.0-win32-x64\server\plugins\org.eclipse.equinox.launcher_1.7.100.v20251111-0406.jar -configuration c:\Users\HP\AppData\Roaming\Code\User\globalStorage\redhat.java\1.51.0\config_win -data c:\Users\HP\AppData\Roaming\Code\User\workspaceStorage\a51d7faf6a931bf7e6f441c935a9b4af\redhat.java\jdt_ws --pipe=\\.\pipe\lsp-673271d3728d7bea00c63e56ab869d8b-sock
java_class_path (initial): c:\Users\HP\.vscode\extensions\redhat.java-1.51.0-win32-x64\server\plugins\org.eclipse.equinox.launcher_1.7.100.v20251111-0406.jar
Launcher Type: SUN_STANDARD

[Global flags]
    uintx AdaptiveSizePolicyWeight                 = 90                                        {product} {command line}
     intx CICompilerCount                          = 4                                         {product} {ergonomic}
    uintx GCTimeRatio                              = 4                                         {product} {command line}
     bool HeapDumpOnOutOfMemoryError               = true                                   {manageable} {command line}
    ccstr HeapDumpPath                             = c:\Users\HP\AppData\Roaming\Code\User\workspaceStorage\a51d7faf6a931bf7e6f441c935a9b4af\redhat.java         {manageable} {command line}
   size_t InitialHeapSize                          = 104857600                                 {product} {command line}
   size_t MaxHeapSize                              = 2147483648                                {product} {command line}
   size_t MaxNewSize                               = 715653120                                 {product} {ergonomic}
   size_t MinHeapDeltaBytes                        = 524288                                    {product} {ergonomic}
   size_t MinHeapSize                              = 104857600                                 {product} {command line}
   size_t NewSize                                  = 34603008                                  {product} {ergonomic}
    uintx NonNMethodCodeHeapSize                   = 5839372                                {pd product} {ergonomic}
    uintx NonProfiledCodeHeapSize                  = 122909434                              {pd product} {ergonomic}
   size_t OldSize                                  = 70254592                                  {product} {ergonomic}
    uintx ProfiledCodeHeapSize                     = 122909434                              {pd product} {ergonomic}
    uintx ReservedCodeCacheSize                    = 251658240                              {pd product} {ergonomic}
     bool SegmentedCodeCache                       = true                                      {product} {ergonomic}
   size_t SoftMaxHeapSize                          = 2147483648                             {manageable} {ergonomic}
     bool UseCompressedOops                        = true                           {product lp64_product} {ergonomic}
     bool UseLargePagesIndividualAllocation        = false                                  {pd product} {ergonomic}
     bool UseParallelGC                            = true                                      {product} {command line}

Logging:
Log output configuration:
 #0: stdout all=off uptime,level,tags foldmultilines=false
 #1: stderr all=off uptime,level,tags foldmultilines=false

Release file:
JAVA_VERSION="21.0.9" 
MODULES="java.base java.compiler java.datatransfer java.xml java.prefs java.desktop java.instrument java.logging java.management java.security.sasl java.naming java.rmi java.management.rmi java.net.http java.scripting java.security.jgss java.transaction.xa java.sql java.sql.rowset java.xml.crypto java.se java.smartcardio jdk.accessibility jdk.internal.jvmstat jdk.attach jdk.charsets jdk.internal.opt jdk.zipfs jdk.compiler jdk.crypto.ec jdk.crypto.cryptoki jdk.crypto.mscapi jdk.dynalink jdk.internal.ed jdk.editpad jdk.hotspot.agent jdk.httpserver jdk.internal.le jdk.internal.vm.ci jdk.internal.vm.compiler jdk.internal.vm.compiler.management jdk.jartool jdk.javadoc jdk.jcmd jdk.management jdk.management.agent jdk.jconsole jdk.jdeps jdk.jdwp.agent jdk.jdi jdk.jfr jdk.jshell jdk.jsobject jdk.jstatd jdk.localedata jdk.management.jfr jdk.naming.dns jdk.naming.rmi jdk.net jdk.nio.mapmode jdk.random jdk.sctp jdk.security.auth jdk.security.jgss jdk.unsupported jdk.unsupported.desktop jdk.xml.dom" 

Environment Variables:
JAVA_HOME=C:\Program Files\Java\jdk-21
PATH=C:\Program Files\Common Files\Oracle\Java\javapath;C:\Program Files\Python312\Scripts\;C:\Program Files\Python312\;C:\WINDOWS\system32;C:\WINDOWS;C:\WINDOWS\System32\Wbem;C:\WINDOWS\System32\WindowsPowerShell\v1.0\;C:\WINDOWS\System32\OpenSSH\;C:\Program Files\PuTTY\;C:\Program Files\nodejs\;C:\Program Files\Git\cmd;C:\Users\HP\AppData\Roaming\Python\Python312\Scripts;C:\Program Files\apache-maven-3.9.8\bin;C:\xampp\php;C:\ProgramData\ComposerSetup\bin;C:\ProgramData\chocolatey\bin;C:\Program Files\CMake\bin;C:\Users\HP\AppData\Local\Microsoft\WindowsApps;C:\Users\HP\AppData\Local\Programs\Microsoft VS Code\bin;C:\Users\HP\AppData\Roaming\npm;C:\Users\HP\AppData\Roaming\Python\Python312\Scripts;C:\Program Files\Python312\Scripts\;C:\Program Files\Python312;C:\Users\HP\AppData\Roaming\Composer\vendor\bin;C:\server\php;C:\Program Files\OpenSSL-Win64\bin;C:\Users\HP\Downloads\ngrok-v3-stable-windows-amd64;C:\Program Files\OpenSSL-Win64\lib;C:\Program Files\CodeBlocks\MinGW\bin;C:\xampp\mysql\bin;C:\Program Files (x86)\Nmap;C:\Program Files\Java\jdk-21\bin
USERNAME=HP
OS=Windows_NT
PROCESSOR_IDENTIFIER=Intel64 Family 6 Model 126 Stepping 5, GenuineIntel
TMP=C:\Users\HP\AppData\Local\Temp
TEMP=C:\Users\HP\AppData\Local\Temp




Periodic native trim disabled

---------------  S Y S T E M  ---------------

OS:
 Windows 11 , 64 bit Build 22621 (10.0.22621.5415)
OS uptime: 2 days 3:08 hours
Hyper-V role detected

CPU: total 8 (initial active 8) (4 cores per cpu, 2 threads per core) family 6 model 126 stepping 5 microcode 0xa8, cx8, cmov, fxsr, ht, mmx, 3dnowpref, sse, sse2, sse3, ssse3, sse4.1, sse4.2, popcnt, lzcnt, tsc, tscinvbit, avx, avx2, aes, erms, clmul, bmi1, bmi2, adx, avx512f, avx512dq, avx512cd, avx512bw, avx512vl, sha, fma, vzeroupper, avx512_vpopcntdq, avx512_vpclmulqdq, avx512_vaes, avx512_vnni, clflush, clflushopt, avx512_vbmi2, avx512_vbmi, hv, rdtscp, rdpid, fsrm, gfni, avx512_bitalg, f16c, avx512_ifma
Processor Information for the first 8 processors :
  Max Mhz: 1498, Current Mhz: 1298, Mhz Limit: 1288

Memory: 4k page, system-wide physical 16161M (1926M free)
TotalPageFile size 18772M (AvailPageFile size 0M)
current process WorkingSet (physical memory assigned to process): 727M, peak: 730M
current process commit charge ("private bytes"): 999M, peak: 1006M

vm_info: OpenJDK 64-Bit Server VM (21.0.9+10-LTS) for windows-amd64 JRE (21.0.9+10-LTS), built on 2025-10-21T00:00:00Z by "admin" with unknown MS VC++:1942

END.
