#
# There is insufficient memory for the Java Runtime Environment to continue.
# Native memory allocation (mmap) failed to map 65536 bytes. Error detail: Failed to commit metaspace.
# Possible reasons:
#   The system is out of physical RAM or swap space
#   This process is running with CompressedOops enabled, and the Java Heap may be blocking the growth of the native heap
# Possible solutions:
#   Reduce memory load on the system
#   Increase physical memory or swap space
#   Check if swap backing store is full
#   Decrease Java heap size (-Xmx/-Xms)
#   Decrease number of Java threads
#   Decrease Java thread stack sizes (-Xss)
#   Set larger code cache with -XX:ReservedCodeCacheSize=
#   JVM is running with Unscaled Compressed Oops mode in which the Java heap is
#     placed in the first 4GB address space. The Java Heap base address is the
#     maximum limit for the native heap growth. Please use -XX:HeapBaseMinAddress
#     to set the Java Heap base and to place the Java Heap above 4GB virtual address.
# This output file may be truncated or incomplete.
#
#  Out of Memory Error (virtualSpaceNode.cpp:113), pid=19112, tid=17660
#
# JRE version: OpenJDK Runtime Environment Temurin-21.0.9+10 (21.0.9+10) (build 21.0.9+10-LTS)
# Java VM: OpenJDK 64-Bit Server VM Temurin-21.0.9+10 (21.0.9+10-LTS, mixed mode, sharing, tiered, compressed oops, compressed class ptrs, parallel gc, windows-amd64)
# No core dump will be written. Minidumps are not enabled by default on client versions of Windows
#

---------------  S U M M A R Y ------------

Command Line: --add-modules=ALL-SYSTEM --add-opens=java.base/java.util=ALL-UNNAMED --add-opens=java.base/java.lang=ALL-UNNAMED --add-opens=java.base/sun.nio.fs=ALL-UNNAMED -Declipse.application=org.eclipse.jdt.ls.core.id1 -Dosgi.bundles.defaultStartLevel=4 -Declipse.product=org.eclipse.jdt.ls.core.product -Djava.import.generatesMetadataFilesAtProjectRoot=false -DDetectVMInstallationsJob.disabled=true -Dfile.encoding=utf8 -XX:+UseParallelGC -XX:GCTimeRatio=4 -XX:AdaptiveSizePolicyWeight=90 -Dsun.zip.disableMemoryMapping=true -Xmx2G -Xms100m -Xlog:disable -javaagent:c:\Users\HP\.vscode\extensions\redhat.java-1.51.0-win32-x64\lombok\lombok-1.18.39-4050.jar -XX:+HeapDumpOnOutOfMemoryError -XX:HeapDumpPath=c:\Users\HP\AppData\Roaming\Code\User\workspaceStorage\f533127a79ea1bde83530a0def03e6dc\redhat.java -Daether.dependencyCollector.impl=bf c:\Users\HP\.vscode\extensions\redhat.java-1.51.0-win32-x64\server\plugins\org.eclipse.equinox.launcher_1.7.100.v20251111-0406.jar -configuration c:\Users\HP\AppData\Roaming\Code\User\globalStorage\redhat.java\1.51.0\config_win -data c:\Users\HP\AppData\Roaming\Code\User\workspaceStorage\f533127a79ea1bde83530a0def03e6dc\redhat.java\jdt_ws --pipe=\\.\pipe\lsp-ae4727e5bda882203a472908336d6b09-sock

Host: Intel(R) Core(TM) i7-1065G7 CPU @ 1.30GHz, 8 cores, 15G,  Windows 11 , 64 bit Build 22621 (10.0.22621.5415)
Time: Wed Jan 14 05:35:52 2026 Morocco Daylight Time elapsed time: 20.270123 seconds (0d 0h 0m 20s)

---------------  T H R E A D  ---------------

Current thread (0x000001c47c25e8a0):  JavaThread "C1 CompilerThread0" daemon [_thread_in_vm, id=17660, stack(0x00000002f2100000,0x00000002f2200000) (1024K)]


Current CompileTask:
C1:20270 6807       3       com.google.gson.reflect.TypeToken::equals (30 bytes)

Stack: [0x00000002f2100000,0x00000002f2200000]
Native frames: (J=compiled Java code, j=interpreted, Vv=VM code, C=native code)
V  [jvm.dll+0x6d6e29]
V  [jvm.dll+0x8b4b76]
V  [jvm.dll+0x8b712e]
V  [jvm.dll+0x8b7813]
V  [jvm.dll+0x283d86]
V  [jvm.dll+0x8b08be]
V  [jvm.dll+0x678824]
V  [jvm.dll+0x1e80ab]
V  [jvm.dll+0x1e7e6e]
V  [jvm.dll+0x67b122]
V  [jvm.dll+0x67af52]
V  [jvm.dll+0x6791fe]
V  [jvm.dll+0x68a6ca]
V  [jvm.dll+0x683842]
V  [jvm.dll+0x1f6150]
V  [jvm.dll+0x1f6338]
V  [jvm.dll+0x169161]
V  [jvm.dll+0x168fa6]
V  [jvm.dll+0x160b70]
V  [jvm.dll+0x162e0d]
V  [jvm.dll+0x161416]
V  [jvm.dll+0x15b257]
V  [jvm.dll+0x16abd8]
V  [jvm.dll+0x156845]
V  [jvm.dll+0x156b92]
V  [jvm.dll+0x156e44]
V  [jvm.dll+0x15625c]
V  [jvm.dll+0x157fed]
V  [jvm.dll+0x25b29d]
V  [jvm.dll+0x25982a]
V  [jvm.dll+0x3f7ea6]
V  [jvm.dll+0x85e9ad]
V  [jvm.dll+0x6d565d]
C  [ucrtbase.dll+0x29333]
C  [KERNEL32.DLL+0x1259d]
C  [ntdll.dll+0x5af78]


---------------  P R O C E S S  ---------------

Threads class SMR info:
_java_thread_list=0x000001c47f3a3800, length=46, elements={
0x000001c461c1ad70, 0x000001c463fbbdb0, 0x000001c463fbd5b0, 0x000001c463fbe850,
0x000001c47a974780, 0x000001c47a9775a0, 0x000001c47a979000, 0x000001c47a979e30,
0x000001c47c25e8a0, 0x000001c47c3ff460, 0x000001c47c528430, 0x000001c47caa2aa0,
0x000001c47ce57450, 0x000001c47ce08e40, 0x000001c47ce300c0, 0x000001c47ce29c70,
0x000001c47d204b10, 0x000001c47cf07640, 0x000001c47c57e760, 0x000001c47d02af90,
0x000001c47d02b620, 0x000001c47d02a270, 0x000001c47d02a900, 0x000001c47d635a30,
0x000001c47d633ff0, 0x000001c47d636750, 0x000001c47d63af80, 0x000001c47d637b00,
0x000001c47d63b610, 0x000001c47d634d10, 0x000001c47d639540, 0x000001c47d637470,
0x000001c47d638820, 0x000001c47d639bd0, 0x000001c47d634680, 0x000001c47d63a8f0,
0x000001c47d638eb0, 0x000001c47d638190, 0x000001c47d63a260, 0x000001c47d6360c0,
0x000001c47d636de0, 0x000001c445fac620, 0x000001c445faa550, 0x000001c445faabe0,
0x000001c446aa30f0, 0x000001c446aa59d0
}

Java Threads: ( => current thread )
  0x000001c461c1ad70 JavaThread "main"                              [_thread_blocked, id=9824, stack(0x00000002f1600000,0x00000002f1700000) (1024K)]
  0x000001c463fbbdb0 JavaThread "Reference Handler"          daemon [_thread_blocked, id=17200, stack(0x00000002f1a00000,0x00000002f1b00000) (1024K)]
  0x000001c463fbd5b0 JavaThread "Finalizer"                  daemon [_thread_blocked, id=16900, stack(0x00000002f1b00000,0x00000002f1c00000) (1024K)]
  0x000001c463fbe850 JavaThread "Signal Dispatcher"          daemon [_thread_blocked, id=22184, stack(0x00000002f1c00000,0x00000002f1d00000) (1024K)]
  0x000001c47a974780 JavaThread "Attach Listener"            daemon [_thread_blocked, id=3008, stack(0x00000002f1d00000,0x00000002f1e00000) (1024K)]
  0x000001c47a9775a0 JavaThread "Service Thread"             daemon [_thread_blocked, id=4800, stack(0x00000002f1e00000,0x00000002f1f00000) (1024K)]
  0x000001c47a979000 JavaThread "Monitor Deflation Thread"   daemon [_thread_blocked, id=3136, stack(0x00000002f1f00000,0x00000002f2000000) (1024K)]
  0x000001c47a979e30 JavaThread "C2 CompilerThread0"         daemon [_thread_blocked, id=20396, stack(0x00000002f2000000,0x00000002f2100000) (1024K)]
=>0x000001c47c25e8a0 JavaThread "C1 CompilerThread0"         daemon [_thread_in_vm, id=17660, stack(0x00000002f2100000,0x00000002f2200000) (1024K)]
  0x000001c47c3ff460 JavaThread "Common-Cleaner"             daemon [_thread_blocked, id=14924, stack(0x00000002f2200000,0x00000002f2300000) (1024K)]
  0x000001c47c528430 JavaThread "Notification Thread"        daemon [_thread_blocked, id=21912, stack(0x00000002f2300000,0x00000002f2400000) (1024K)]
  0x000001c47caa2aa0 JavaThread "Active Thread: Equinox Container: 55aa089c-3970-49ce-971a-d6e7b37fb83f"        [_thread_blocked, id=20232, stack(0x00000002f2c00000,0x00000002f2d00000) (1024K)]
  0x000001c47ce57450 JavaThread "Refresh Thread: Equinox Container: 55aa089c-3970-49ce-971a-d6e7b37fb83f" daemon [_thread_blocked, id=17052, stack(0x00000002f2e00000,0x00000002f2f00000) (1024K)]
  0x000001c47ce08e40 JavaThread "Framework Event Dispatcher: Equinox Container: 55aa089c-3970-49ce-971a-d6e7b37fb83f" daemon [_thread_blocked, id=1496, stack(0x00000002f2f00000,0x00000002f3000000) (1024K)]
  0x000001c47ce300c0 JavaThread "Start Level: Equinox Container: 55aa089c-3970-49ce-971a-d6e7b37fb83f" daemon [_thread_blocked, id=3344, stack(0x00000002f3000000,0x00000002f3100000) (1024K)]
  0x000001c47ce29c70 JavaThread "Bundle File Closer"         daemon [_thread_blocked, id=15352, stack(0x00000002f3100000,0x00000002f3200000) (1024K)]
  0x000001c47d204b10 JavaThread "SCR Component Actor"        daemon [_thread_blocked, id=19732, stack(0x00000002f3200000,0x00000002f3300000) (1024K)]
  0x000001c47cf07640 JavaThread "Worker-JM"                         [_thread_blocked, id=22464, stack(0x00000002f3300000,0x00000002f3400000) (1024K)]
  0x000001c47c57e760 JavaThread "JNA Cleaner"                daemon [_thread_blocked, id=7544, stack(0x00000002f2400000,0x00000002f2500000) (1024K)]
  0x000001c47d02af90 JavaThread "Worker-0"                          [_thread_blocked, id=21616, stack(0x00000002f2500000,0x00000002f2600000) (1024K)]
  0x000001c47d02b620 JavaThread "Worker-1"                          [_thread_blocked, id=8924, stack(0x00000002f3400000,0x00000002f3500000) (1024K)]
  0x000001c47d02a270 JavaThread "Worker-2"                          [_thread_blocked, id=4796, stack(0x00000002f3700000,0x00000002f3800000) (1024K)]
  0x000001c47d02a900 JavaThread "Java indexing"              daemon [_thread_blocked, id=16052, stack(0x00000002f3800000,0x00000002f3900000) (1024K)]
  0x000001c47d635a30 JavaThread "Worker-3: Initialize Workspace"        [_thread_in_vm, id=9588, stack(0x00000002f3b00000,0x00000002f3c00000) (1024K)]
  0x000001c47d633ff0 JavaThread "Worker-4"                          [_thread_blocked, id=12824, stack(0x00000002f3c00000,0x00000002f3d00000) (1024K)]
  0x000001c47d636750 JavaThread "Thread-1"                   daemon [_thread_in_native, id=13436, stack(0x00000002f3d00000,0x00000002f3e00000) (1024K)]
  0x000001c47d63af80 JavaThread "Thread-2"                   daemon [_thread_in_native, id=15232, stack(0x00000002f3e00000,0x00000002f3f00000) (1024K)]
  0x000001c47d637b00 JavaThread "Thread-3"                   daemon [_thread_in_native, id=7080, stack(0x00000002f3f00000,0x00000002f4000000) (1024K)]
  0x000001c47d63b610 JavaThread "Thread-4"                   daemon [_thread_in_native, id=21840, stack(0x00000002f4000000,0x00000002f4100000) (1024K)]
  0x000001c47d634d10 JavaThread "Thread-5"                   daemon [_thread_in_native, id=13696, stack(0x00000002f4100000,0x00000002f4200000) (1024K)]
  0x000001c47d639540 JavaThread "Thread-6"                   daemon [_thread_in_native, id=20536, stack(0x00000002f4200000,0x00000002f4300000) (1024K)]
  0x000001c47d637470 JavaThread "Thread-7"                   daemon [_thread_in_native, id=7072, stack(0x00000002f4300000,0x00000002f4400000) (1024K)]
  0x000001c47d638820 JavaThread "Thread-8"                   daemon [_thread_in_native, id=19752, stack(0x00000002f4400000,0x00000002f4500000) (1024K)]
  0x000001c47d639bd0 JavaThread "Thread-9"                   daemon [_thread_in_native, id=2300, stack(0x00000002f4500000,0x00000002f4600000) (1024K)]
  0x000001c47d634680 JavaThread "pool-2-thread-1"                   [_thread_blocked, id=14140, stack(0x00000002f4600000,0x00000002f4700000) (1024K)]
  0x000001c47d63a8f0 JavaThread "WorkspaceEventsHandler"            [_thread_blocked, id=17860, stack(0x00000002f4700000,0x00000002f4800000) (1024K)]
  0x000001c47d638eb0 JavaThread "pool-1-thread-1"                   [_thread_in_vm, id=7652, stack(0x00000002f4800000,0x00000002f4900000) (1024K)]
  0x000001c47d638190 JavaThread "ForkJoinPool.commonPool-worker-1" daemon [_thread_blocked, id=18376, stack(0x00000002f4900000,0x00000002f4a00000) (1024K)]
  0x000001c47d63a260 JavaThread "ForkJoinPool.commonPool-worker-2" daemon [_thread_blocked, id=14200, stack(0x00000002f4a00000,0x00000002f4b00000) (1024K)]
  0x000001c47d6360c0 JavaThread "ForkJoinPool.commonPool-worker-3" daemon [_thread_blocked, id=16664, stack(0x00000002f4b00000,0x00000002f4c00000) (1024K)]
  0x000001c47d636de0 JavaThread "ForkJoinPool.commonPool-worker-4" daemon [_thread_blocked, id=21060, stack(0x00000002f4c00000,0x00000002f4d00000) (1024K)]
  0x000001c445fac620 JavaThread "ForkJoinPool.commonPool-worker-5" daemon [_thread_blocked, id=17204, stack(0x00000002f4d00000,0x00000002f4e00000) (1024K)]
  0x000001c445faa550 JavaThread "ForkJoinPool.commonPool-worker-6" daemon [_thread_blocked, id=10212, stack(0x00000002f4e00000,0x00000002f4f00000) (1024K)]
  0x000001c445faabe0 JavaThread "ForkJoinPool.commonPool-worker-7" daemon [_thread_blocked, id=14516, stack(0x00000002f4f00000,0x00000002f5000000) (1024K)]
  0x000001c446aa30f0 JavaThread "C2 CompilerThread1"         daemon [_thread_blocked, id=21632, stack(0x00000002f3500000,0x00000002f3600000) (1024K)]
  0x000001c446aa59d0 JavaThread "C2 CompilerThread2"         daemon [_thread_in_native, id=17192, stack(0x00000002f3600000,0x00000002f3700000) (1024K)]
Total: 46

Other Threads:
  0x000001c47a973490 VMThread "VM Thread"                           [id=7824, stack(0x00000002f1900000,0x00000002f1a00000) (1024K)]
  0x000001c463f6c730 WatcherThread "VM Periodic Task Thread"        [id=18368, stack(0x00000002f1800000,0x00000002f1900000) (1024K)]
  0x000001c463f20020 WorkerThread "GC Thread#0"                     [id=15480, stack(0x00000002f1700000,0x00000002f1800000) (1024K)]
  0x000001c47cf28010 WorkerThread "GC Thread#1"                     [id=12648, stack(0x00000002f2600000,0x00000002f2700000) (1024K)]
  0x000001c47cb04550 WorkerThread "GC Thread#2"                     [id=13748, stack(0x00000002f2700000,0x00000002f2800000) (1024K)]
  0x000001c47cb048f0 WorkerThread "GC Thread#3"                     [id=5964, stack(0x00000002f2800000,0x00000002f2900000) (1024K)]
  0x000001c47ca746b0 WorkerThread "GC Thread#4"                     [id=19996, stack(0x00000002f2900000,0x00000002f2a00000) (1024K)]
  0x000001c47ca74a50 WorkerThread "GC Thread#5"                     [id=21792, stack(0x00000002f2a00000,0x00000002f2b00000) (1024K)]
  0x000001c47ca74df0 WorkerThread "GC Thread#6"                     [id=15932, stack(0x00000002f2b00000,0x00000002f2c00000) (1024K)]
  0x000001c47ce570b0 WorkerThread "GC Thread#7"                     [id=13996, stack(0x00000002f2d00000,0x00000002f2e00000) (1024K)]
Total: 10

Threads with active compile tasks:
C1 CompilerThread0  20311 6807       3       com.google.gson.reflect.TypeToken::equals (30 bytes)
C2 CompilerThread2  20311 6799   !   4       lombok.patcher.ScriptManager$OurClassFileTransformer::transform (473 bytes)
Total: 2

VM state: not at safepoint (normal execution)

VM Mutex/Monitor currently owned by a thread:  ([mutex/lock_event])
[0x00007ffdf912b4f0] Metaspace_lock - owner thread: 0x000001c47c25e8a0

Heap address: 0x0000000080000000, size: 2048 MB, Compressed Oops mode: 32-bit

CDS archive(s) mapped at: [0x000001c400000000-0x000001c400ba0000-0x000001c400ba0000), size 12189696, SharedBaseAddress: 0x000001c400000000, ArchiveRelocationMode: 1.
Compressed class space mapped at: 0x000001c401000000-0x000001c441000000, reserved size: 1073741824
Narrow klass base: 0x000001c400000000, Narrow klass shift: 0, Narrow klass range: 0x100000000

GC Precious Log:
 CardTable entry size: 512
 CPUs: 8 total, 8 available
 Memory: 16161M
 Large Page Support: Disabled
 NUMA Support: Disabled
 Compressed Oops: Enabled (32-bit)
 Alignments: Space 512K, Generation 512K, Heap 2M
 Heap Min Capacity: 100M
 Heap Initial Capacity: 100M
 Heap Max Capacity: 2G
 Pre-touch: Disabled
 Parallel Workers: 8

Heap:
 PSYoungGen      total 19456K, used 14554K [0x00000000d5580000, 0x00000000d8e00000, 0x0000000100000000)
  eden space 11776K, 58% used [0x00000000d5580000,0x00000000d5c3ba68,0x00000000d6100000)
  from space 7680K, 99% used [0x00000000d7280000,0x00000000d79fb140,0x00000000d7a00000)
  to   space 17920K, 0% used [0x00000000d6100000,0x00000000d6100000,0x00000000d7280000)
 ParOldGen       total 68608K, used 41461K [0x0000000080000000, 0x0000000084300000, 0x00000000d5580000)
  object space 68608K, 60% used [0x0000000080000000,0x000000008287d738,0x0000000084300000)
 Metaspace       used 46228K, committed 47360K, reserved 1114112K
  class space    used 5031K, committed 5568K, reserved 1048576K

Card table byte_map: [0x000001c4638c0000,0x000001c463cd0000] _byte_map_base: 0x000001c4634c0000

Marking Bits: (ParMarkBitMap*) 0x00007ffdf9132460
 Begin Bits: [0x000001c4763b0000, 0x000001c4783b0000)
 End Bits:   [0x000001c4783b0000, 0x000001c47a3b0000)

Polling page: 0x000001c461f80000

Metaspace:

Usage:
  Non-class:     40.23 MB used.
      Class:      4.91 MB used.
       Both:     45.15 MB used.

Virtual space:
  Non-class space:       64.00 MB reserved,      40.81 MB ( 64%) committed,  1 nodes.
      Class space:        1.00 GB reserved,       5.44 MB ( <1%) committed,  1 nodes.
             Both:        1.06 GB reserved,      46.25 MB (  4%) committed. 

Chunk freelists:
   Non-Class:  6.67 MB
       Class:  10.44 MB
        Both:  17.11 MB

MaxMetaspaceSize: unlimited
CompressedClassSpaceSize: 1.00 GB
Initial GC threshold: 21.00 MB
Current GC threshold: 58.38 MB
CDS: on
 - commit_granule_bytes: 65536.
 - commit_granule_words: 8192.
 - virtual_space_node_default_size: 8388608.
 - enlarge_chunks_in_place: 1.
 - use_allocation_guard: 0.


Internal statistics:

num_allocs_failed_limit: 6.
num_arena_births: 972.
num_arena_deaths: 14.
num_vsnodes_births: 2.
num_vsnodes_deaths: 0.
num_space_committed: 740.
num_space_uncommitted: 0.
num_chunks_returned_to_freelist: 20.
num_chunks_taken_from_freelist: 3087.
num_chunk_merges: 9.
num_chunk_splits: 1900.
num_chunks_enlarged: 1054.
num_inconsistent_stats: 0.

CodeHeap 'non-profiled nmethods': size=120000Kb used=3622Kb max_used=3622Kb free=116377Kb
 bounds [0x000001c46ebd0000, 0x000001c46ef60000, 0x000001c476100000]
CodeHeap 'profiled nmethods': size=120000Kb used=13014Kb max_used=13014Kb free=106986Kb
 bounds [0x000001c467100000, 0x000001c467dc0000, 0x000001c46e630000]
CodeHeap 'non-nmethods': size=5760Kb used=1374Kb max_used=1440Kb free=4385Kb
 bounds [0x000001c46e630000, 0x000001c46e8a0000, 0x000001c46ebd0000]
CodeCache: size=245760Kb, used=18010Kb, max_used=18076Kb, free=227748Kb
 total_blobs=6860, nmethods=6195, adapters=571, full_count=0
Compilation: enabled, stopped_count=0, restarted_count=0

Compilation events (20 events):
Event: 20.239 Thread 0x000001c47c25e8a0 nmethod 6796 0x000001c467daf290 code [0x000001c467daf620, 0x000001c467db0e80]
Event: 20.239 Thread 0x000001c47c25e8a0 6797       3       com.google.gson.internal.bind.ReflectiveTypeAdapterFactory::createBoundField (168 bytes)
Event: 20.241 Thread 0x000001c47c25e8a0 nmethod 6797 0x000001c467db1710 code [0x000001c467db19e0, 0x000001c467db2ab8]
Event: 20.241 Thread 0x000001c47c25e8a0 6798       3       com.google.gson.FieldNamingPolicy$1::translateName (5 bytes)
Event: 20.241 Thread 0x000001c47c25e8a0 nmethod 6798 0x000001c467db3090 code [0x000001c467db3220, 0x000001c467db3350]
Event: 20.243 Thread 0x000001c47c25e8a0 6800       3       com.google.gson.internal.ReflectionAccessFilterHelper::getFilterResult (53 bytes)
Event: 20.244 Thread 0x000001c47c25e8a0 nmethod 6800 0x000001c467db3410 code [0x000001c467db3620, 0x000001c467db3bd0]
Event: 20.244 Thread 0x000001c47c25e8a0 6801       3       com.google.gson.internal.bind.TypeAdapters$32::create (28 bytes)
Event: 20.244 Thread 0x000001c47c25e8a0 nmethod 6801 0x000001c467db3d90 code [0x000001c467db3f60, 0x000001c467db42e8]
Event: 20.246 Thread 0x000001c47c25e8a0 6802       3       com.google.gson.internal.reflect.ReflectionHelper::isStatic (8 bytes)
Event: 20.247 Thread 0x000001c47c25e8a0 nmethod 6802 0x000001c467db4490 code [0x000001c467db4640, 0x000001c467db4810]
Event: 20.251 Thread 0x000001c47a979e30 6803       4       java.util.AbstractList$Itr::hasNext (20 bytes)
Event: 20.252 Thread 0x000001c47a979e30 nmethod 6803 0x000001c46ef59290 code [0x000001c46ef59420, 0x000001c46ef594e0]
Event: 20.263 Thread 0x000001c47c25e8a0 6804       3       java.lang.Class::getDeclaringClass (31 bytes)
Event: 20.264 Thread 0x000001c47c25e8a0 nmethod 6804 0x000001c467db4910 code [0x000001c467db4ae0, 0x000001c467db4d28]
Event: 20.264 Thread 0x000001c47a979e30 6805       4       java.lang.reflect.Constructor::newInstanceWithCaller (51 bytes)
Event: 20.265 Thread 0x000001c47c25e8a0 6806       3       org.eclipse.lsp4j.jsonrpc.json.adapters.TypeUtils::isEither (39 bytes)
Event: 20.265 Thread 0x000001c47c25e8a0 nmethod 6806 0x000001c467db4e10 code [0x000001c467db5020, 0x000001c467db5708]
Event: 20.266 Thread 0x000001c47a979e30 nmethod 6805 0x000001c46ef59590 code [0x000001c46ef59740, 0x000001c46ef59870]
Event: 20.267 Thread 0x000001c47c25e8a0 6807       3       com.google.gson.reflect.TypeToken::equals (30 bytes)

GC Heap History (20 events):
Event: 8.208 GC heap before
{Heap before GC invocations=13 (full 1):
 PSYoungGen      total 25600K, used 23904K [0x00000000d5580000, 0x00000000d7380000, 0x0000000100000000)
  eden space 23040K, 100% used [0x00000000d5580000,0x00000000d6c00000,0x00000000d6c00000)
  from space 2560K, 33% used [0x00000000d6f80000,0x00000000d7058000,0x00000000d7200000)
  to   space 1536K, 0% used [0x00000000d7200000,0x00000000d7200000,0x00000000d7380000)
 ParOldGen       total 68608K, used 18835K [0x0000000080000000, 0x0000000084300000, 0x00000000d5580000)
  object space 68608K, 27% used [0x0000000080000000,0x0000000081264ed0,0x0000000084300000)
 Metaspace       used 31773K, committed 32832K, reserved 1114112K
  class space    used 3250K, committed 3712K, reserved 1048576K
}
Event: 8.212 GC heap after
{Heap after GC invocations=13 (full 1):
 PSYoungGen      total 24064K, used 1516K [0x00000000d5580000, 0x00000000d7380000, 0x0000000100000000)
  eden space 22528K, 0% used [0x00000000d5580000,0x00000000d5580000,0x00000000d6b80000)
  from space 1536K, 98% used [0x00000000d7200000,0x00000000d737b060,0x00000000d7380000)
  to   space 3072K, 0% used [0x00000000d6d80000,0x00000000d6d80000,0x00000000d7080000)
 ParOldGen       total 68608K, used 19987K [0x0000000080000000, 0x0000000084300000, 0x00000000d5580000)
  object space 68608K, 29% used [0x0000000080000000,0x0000000081384ee0,0x0000000084300000)
 Metaspace       used 31773K, committed 32832K, reserved 1114112K
  class space    used 3250K, committed 3712K, reserved 1048576K
}
Event: 8.603 GC heap before
{Heap before GC invocations=14 (full 1):
 PSYoungGen      total 24064K, used 24044K [0x00000000d5580000, 0x00000000d7380000, 0x0000000100000000)
  eden space 22528K, 100% used [0x00000000d5580000,0x00000000d6b80000,0x00000000d6b80000)
  from space 1536K, 98% used [0x00000000d7200000,0x00000000d737b060,0x00000000d7380000)
  to   space 3072K, 0% used [0x00000000d6d80000,0x00000000d6d80000,0x00000000d7080000)
 ParOldGen       total 68608K, used 19987K [0x0000000080000000, 0x0000000084300000, 0x00000000d5580000)
  object space 68608K, 29% used [0x0000000080000000,0x0000000081384ee0,0x0000000084300000)
 Metaspace       used 34157K, committed 35328K, reserved 1114112K
  class space    used 3530K, committed 4032K, reserved 1048576K
}
Event: 8.607 GC heap after
{Heap after GC invocations=14 (full 1):
 PSYoungGen      total 25088K, used 960K [0x00000000d5580000, 0x00000000d7280000, 0x0000000100000000)
  eden space 22016K, 0% used [0x00000000d5580000,0x00000000d5580000,0x00000000d6b00000)
  from space 3072K, 31% used [0x00000000d6d80000,0x00000000d6e70000,0x00000000d7080000)
  to   space 2048K, 0% used [0x00000000d7080000,0x00000000d7080000,0x00000000d7280000)
 ParOldGen       total 68608K, used 21474K [0x0000000080000000, 0x0000000084300000, 0x00000000d5580000)
  object space 68608K, 31% used [0x0000000080000000,0x00000000814f8a50,0x0000000084300000)
 Metaspace       used 34157K, committed 35328K, reserved 1114112K
  class space    used 3530K, committed 4032K, reserved 1048576K
}
Event: 8.790 GC heap before
{Heap before GC invocations=15 (full 1):
 PSYoungGen      total 25088K, used 6206K [0x00000000d5580000, 0x00000000d7280000, 0x0000000100000000)
  eden space 22016K, 23% used [0x00000000d5580000,0x00000000d5a9f868,0x00000000d6b00000)
  from space 3072K, 31% used [0x00000000d6d80000,0x00000000d6e70000,0x00000000d7080000)
  to   space 2048K, 0% used [0x00000000d7080000,0x00000000d7080000,0x00000000d7280000)
 ParOldGen       total 68608K, used 21474K [0x0000000080000000, 0x0000000084300000, 0x00000000d5580000)
  object space 68608K, 31% used [0x0000000080000000,0x00000000814f8a50,0x0000000084300000)
 Metaspace       used 34775K, committed 35840K, reserved 1114112K
  class space    used 3614K, committed 4096K, reserved 1048576K
}
Event: 8.794 GC heap after
{Heap after GC invocations=15 (full 1):
 PSYoungGen      total 22528K, used 352K [0x00000000d5580000, 0x00000000d7100000, 0x0000000100000000)
  eden space 22016K, 0% used [0x00000000d5580000,0x00000000d5580000,0x00000000d6b00000)
  from space 512K, 68% used [0x00000000d7080000,0x00000000d70d8000,0x00000000d7100000)
  to   space 1024K, 0% used [0x00000000d6f00000,0x00000000d6f00000,0x00000000d7000000)
 ParOldGen       total 68608K, used 22265K [0x0000000080000000, 0x0000000084300000, 0x00000000d5580000)
  object space 68608K, 32% used [0x0000000080000000,0x00000000815be688,0x0000000084300000)
 Metaspace       used 34775K, committed 35840K, reserved 1114112K
  class space    used 3614K, committed 4096K, reserved 1048576K
}
Event: 8.794 GC heap before
{Heap before GC invocations=16 (full 2):
 PSYoungGen      total 22528K, used 352K [0x00000000d5580000, 0x00000000d7100000, 0x0000000100000000)
  eden space 22016K, 0% used [0x00000000d5580000,0x00000000d5580000,0x00000000d6b00000)
  from space 512K, 68% used [0x00000000d7080000,0x00000000d70d8000,0x00000000d7100000)
  to   space 1024K, 0% used [0x00000000d6f00000,0x00000000d6f00000,0x00000000d7000000)
 ParOldGen       total 68608K, used 22265K [0x0000000080000000, 0x0000000084300000, 0x00000000d5580000)
  object space 68608K, 32% used [0x0000000080000000,0x00000000815be688,0x0000000084300000)
 Metaspace       used 34775K, committed 35840K, reserved 1114112K
  class space    used 3614K, committed 4096K, reserved 1048576K
}
Event: 8.863 GC heap after
{Heap after GC invocations=16 (full 2):
 PSYoungGen      total 22528K, used 0K [0x00000000d5580000, 0x00000000d7100000, 0x0000000100000000)
  eden space 22016K, 0% used [0x00000000d5580000,0x00000000d5580000,0x00000000d6b00000)
  from space 512K, 0% used [0x00000000d7080000,0x00000000d7080000,0x00000000d7100000)
  to   space 1024K, 0% used [0x00000000d6f00000,0x00000000d6f00000,0x00000000d7000000)
 ParOldGen       total 68608K, used 21369K [0x0000000080000000, 0x0000000084300000, 0x00000000d5580000)
  object space 68608K, 31% used [0x0000000080000000,0x00000000814de780,0x0000000084300000)
 Metaspace       used 34775K, committed 35840K, reserved 1114112K
  class space    used 3614K, committed 4096K, reserved 1048576K
}
Event: 9.306 GC heap before
{Heap before GC invocations=17 (full 2):
 PSYoungGen      total 22528K, used 21818K [0x00000000d5580000, 0x00000000d7100000, 0x0000000100000000)
  eden space 22016K, 99% used [0x00000000d5580000,0x00000000d6ace940,0x00000000d6b00000)
  from space 512K, 0% used [0x00000000d7080000,0x00000000d7080000,0x00000000d7100000)
  to   space 1024K, 0% used [0x00000000d6f00000,0x00000000d6f00000,0x00000000d7000000)
 ParOldGen       total 68608K, used 21369K [0x0000000080000000, 0x0000000084300000, 0x00000000d5580000)
  object space 68608K, 31% used [0x0000000080000000,0x00000000814de780,0x0000000084300000)
 Metaspace       used 37010K, committed 38144K, reserved 1114112K
  class space    used 3880K, committed 4416K, reserved 1048576K
}
Event: 9.310 GC heap after
{Heap after GC invocations=17 (full 2):
 PSYoungGen      total 23040K, used 1008K [0x00000000d5580000, 0x00000000d7100000, 0x0000000100000000)
  eden space 22016K, 0% used [0x00000000d5580000,0x00000000d5580000,0x00000000d6b00000)
  from space 1024K, 98% used [0x00000000d6f00000,0x00000000d6ffc1e0,0x00000000d7000000)
  to   space 1024K, 0% used [0x00000000d7000000,0x00000000d7000000,0x00000000d7100000)
 ParOldGen       total 68608K, used 21889K [0x0000000080000000, 0x0000000084300000, 0x00000000d5580000)
  object space 68608K, 31% used [0x0000000080000000,0x00000000815604a0,0x0000000084300000)
 Metaspace       used 37010K, committed 38144K, reserved 1114112K
  class space    used 3880K, committed 4416K, reserved 1048576K
}
Event: 10.043 GC heap before
{Heap before GC invocations=18 (full 2):
 PSYoungGen      total 23040K, used 23024K [0x00000000d5580000, 0x00000000d7100000, 0x0000000100000000)
  eden space 22016K, 100% used [0x00000000d5580000,0x00000000d6b00000,0x00000000d6b00000)
  from space 1024K, 98% used [0x00000000d6f00000,0x00000000d6ffc1e0,0x00000000d7000000)
  to   space 1024K, 0% used [0x00000000d7000000,0x00000000d7000000,0x00000000d7100000)
 ParOldGen       total 68608K, used 21889K [0x0000000080000000, 0x0000000084300000, 0x00000000d5580000)
  object space 68608K, 31% used [0x0000000080000000,0x00000000815604a0,0x0000000084300000)
 Metaspace       used 38982K, committed 40128K, reserved 1114112K
  class space    used 4137K, committed 4672K, reserved 1048576K
}
Event: 10.050 GC heap after
{Heap after GC invocations=18 (full 2):
 PSYoungGen      total 23040K, used 1019K [0x00000000d5580000, 0x00000000d7400000, 0x0000000100000000)
  eden space 22016K, 0% used [0x00000000d5580000,0x00000000d5580000,0x00000000d6b00000)
  from space 1024K, 99% used [0x00000000d7000000,0x00000000d70fec40,0x00000000d7100000)
  to   space 4608K, 0% used [0x00000000d6b00000,0x00000000d6b00000,0x00000000d6f80000)
 ParOldGen       total 68608K, used 24699K [0x0000000080000000, 0x0000000084300000, 0x00000000d5580000)
  object space 68608K, 36% used [0x0000000080000000,0x000000008181ecd0,0x0000000084300000)
 Metaspace       used 38982K, committed 40128K, reserved 1114112K
  class space    used 4137K, committed 4672K, reserved 1048576K
}
Event: 10.499 GC heap before
{Heap before GC invocations=19 (full 2):
 PSYoungGen      total 23040K, used 23035K [0x00000000d5580000, 0x00000000d7400000, 0x0000000100000000)
  eden space 22016K, 100% used [0x00000000d5580000,0x00000000d6b00000,0x00000000d6b00000)
  from space 1024K, 99% used [0x00000000d7000000,0x00000000d70fec40,0x00000000d7100000)
  to   space 4608K, 0% used [0x00000000d6b00000,0x00000000d6b00000,0x00000000d6f80000)
 ParOldGen       total 68608K, used 24699K [0x0000000080000000, 0x0000000084300000, 0x00000000d5580000)
  object space 68608K, 36% used [0x0000000080000000,0x000000008181ecd0,0x0000000084300000)
 Metaspace       used 40662K, committed 41792K, reserved 1114112K
  class space    used 4342K, committed 4864K, reserved 1048576K
}
Event: 10.506 GC heap after
{Heap after GC invocations=19 (full 2):
 PSYoungGen      total 25600K, used 3296K [0x00000000d5580000, 0x00000000d7200000, 0x0000000100000000)
  eden space 22016K, 0% used [0x00000000d5580000,0x00000000d5580000,0x00000000d6b00000)
  from space 3584K, 91% used [0x00000000d6b00000,0x00000000d6e38000,0x00000000d6e80000)
  to   space 3584K, 0% used [0x00000000d6e80000,0x00000000d6e80000,0x00000000d7200000)
 ParOldGen       total 68608K, used 25675K [0x0000000080000000, 0x0000000084300000, 0x00000000d5580000)
  object space 68608K, 37% used [0x0000000080000000,0x0000000081912cd0,0x0000000084300000)
 Metaspace       used 40662K, committed 41792K, reserved 1114112K
  class space    used 4342K, committed 4864K, reserved 1048576K
}
Event: 11.117 GC heap before
{Heap before GC invocations=20 (full 2):
 PSYoungGen      total 25600K, used 25312K [0x00000000d5580000, 0x00000000d7200000, 0x0000000100000000)
  eden space 22016K, 100% used [0x00000000d5580000,0x00000000d6b00000,0x00000000d6b00000)
  from space 3584K, 91% used [0x00000000d6b00000,0x00000000d6e38000,0x00000000d6e80000)
  to   space 3584K, 0% used [0x00000000d6e80000,0x00000000d6e80000,0x00000000d7200000)
 ParOldGen       total 68608K, used 25675K [0x0000000080000000, 0x0000000084300000, 0x00000000d5580000)
  object space 68608K, 37% used [0x0000000080000000,0x0000000081912cd0,0x0000000084300000)
 Metaspace       used 42643K, committed 43840K, reserved 1114112K
  class space    used 4565K, committed 5120K, reserved 1048576K
}
Event: 11.124 GC heap after
{Heap after GC invocations=20 (full 2):
 PSYoungGen      total 23040K, used 1024K [0x00000000d5580000, 0x00000000d6f80000, 0x0000000100000000)
  eden space 22016K, 0% used [0x00000000d5580000,0x00000000d5580000,0x00000000d6b00000)
  from space 1024K, 100% used [0x00000000d6e80000,0x00000000d6f80000,0x00000000d6f80000)
  to   space 2048K, 0% used [0x00000000d6b80000,0x00000000d6b80000,0x00000000d6d80000)
 ParOldGen       total 68608K, used 28816K [0x0000000080000000, 0x0000000084300000, 0x00000000d5580000)
  object space 68608K, 42% used [0x0000000080000000,0x0000000081c24158,0x0000000084300000)
 Metaspace       used 42643K, committed 43840K, reserved 1114112K
  class space    used 4565K, committed 5120K, reserved 1048576K
}
Event: 11.885 GC heap before
{Heap before GC invocations=21 (full 2):
 PSYoungGen      total 23040K, used 23040K [0x00000000d5580000, 0x00000000d6f80000, 0x0000000100000000)
  eden space 22016K, 100% used [0x00000000d5580000,0x00000000d6b00000,0x00000000d6b00000)
  from space 1024K, 100% used [0x00000000d6e80000,0x00000000d6f80000,0x00000000d6f80000)
  to   space 2048K, 0% used [0x00000000d6b80000,0x00000000d6b80000,0x00000000d6d80000)
 ParOldGen       total 68608K, used 28816K [0x0000000080000000, 0x0000000084300000, 0x00000000d5580000)
  object space 68608K, 42% used [0x0000000080000000,0x0000000081c24158,0x0000000084300000)
 Metaspace       used 44592K, committed 45760K, reserved 1114112K
  class space    used 4830K, committed 5376K, reserved 1048576K
}
Event: 11.891 GC heap after
{Heap after GC invocations=21 (full 2):
 PSYoungGen      total 24064K, used 2048K [0x00000000d5580000, 0x00000000d7a00000, 0x0000000100000000)
  eden space 22016K, 0% used [0x00000000d5580000,0x00000000d5580000,0x00000000d6b00000)
  from space 2048K, 100% used [0x00000000d6b80000,0x00000000d6d80000,0x00000000d6d80000)
  to   space 7680K, 0% used [0x00000000d7280000,0x00000000d7280000,0x00000000d7a00000)
 ParOldGen       total 68608K, used 33097K [0x0000000080000000, 0x0000000084300000, 0x00000000d5580000)
  object space 68608K, 48% used [0x0000000080000000,0x00000000820524d8,0x0000000084300000)
 Metaspace       used 44592K, committed 45760K, reserved 1114112K
  class space    used 4830K, committed 5376K, reserved 1048576K
}
Event: 20.016 GC heap before
{Heap before GC invocations=22 (full 2):
 PSYoungGen      total 24064K, used 24063K [0x00000000d5580000, 0x00000000d7a00000, 0x0000000100000000)
  eden space 22016K, 99% used [0x00000000d5580000,0x00000000d6affff8,0x00000000d6b00000)
  from space 2048K, 100% used [0x00000000d6b80000,0x00000000d6d80000,0x00000000d6d80000)
  to   space 7680K, 0% used [0x00000000d7280000,0x00000000d7280000,0x00000000d7a00000)
 ParOldGen       total 68608K, used 33097K [0x0000000080000000, 0x0000000084300000, 0x00000000d5580000)
  object space 68608K, 48% used [0x0000000080000000,0x00000000820524d8,0x0000000084300000)
 Metaspace       used 45514K, committed 46720K, reserved 1114112K
  class space    used 4939K, committed 5504K, reserved 1048576K
}
Event: 20.026 GC heap after
{Heap after GC invocations=22 (full 2):
 PSYoungGen      total 19456K, used 7660K [0x00000000d5580000, 0x00000000d8e00000, 0x0000000100000000)
  eden space 11776K, 0% used [0x00000000d5580000,0x00000000d5580000,0x00000000d6100000)
  from space 7680K, 99% used [0x00000000d7280000,0x00000000d79fb140,0x00000000d7a00000)
  to   space 17920K, 0% used [0x00000000d6100000,0x00000000d6100000,0x00000000d7280000)
 ParOldGen       total 68608K, used 41461K [0x0000000080000000, 0x0000000084300000, 0x00000000d5580000)
  object space 68608K, 60% used [0x0000000080000000,0x000000008287d738,0x0000000084300000)
 Metaspace       used 45514K, committed 46720K, reserved 1114112K
  class space    used 4939K, committed 5504K, reserved 1048576K
}

Dll operation events (10 events):
Event: 0.036 Loaded shared library c:\Users\HP\.vscode\extensions\redhat.java-1.51.0-win32-x64\jre\21.0.9-win32-x86_64\bin\java.dll
Event: 0.204 Loaded shared library c:\Users\HP\.vscode\extensions\redhat.java-1.51.0-win32-x64\jre\21.0.9-win32-x86_64\bin\zip.dll
Event: 0.244 Loaded shared library C:\Users\HP\.vscode\extensions\redhat.java-1.51.0-win32-x64\jre\21.0.9-win32-x86_64\bin\instrument.dll
Event: 0.253 Loaded shared library C:\Users\HP\.vscode\extensions\redhat.java-1.51.0-win32-x64\jre\21.0.9-win32-x86_64\bin\net.dll
Event: 0.255 Loaded shared library C:\Users\HP\.vscode\extensions\redhat.java-1.51.0-win32-x64\jre\21.0.9-win32-x86_64\bin\nio.dll
Event: 0.260 Loaded shared library C:\Users\HP\.vscode\extensions\redhat.java-1.51.0-win32-x64\jre\21.0.9-win32-x86_64\bin\zip.dll
Event: 0.289 Loaded shared library C:\Users\HP\.vscode\extensions\redhat.java-1.51.0-win32-x64\jre\21.0.9-win32-x86_64\bin\jimage.dll
Event: 0.448 Loaded shared library c:\Users\HP\.vscode\extensions\redhat.java-1.51.0-win32-x64\jre\21.0.9-win32-x86_64\bin\verify.dll
Event: 2.144 Loaded shared library C:\Users\HP\AppData\Roaming\Code\User\globalStorage\redhat.java\1.51.0\config_win\org.eclipse.equinox.launcher\org.eclipse.equinox.launcher.win32.win32.x86_64_1.2.1400.v20250801-0854\eclipse_11916.dll
Event: 3.932 Loaded shared library C:\Users\HP\AppData\Local\Temp\jna-2312\jna11995625338092669452.dll

Deoptimization events (20 events):
Event: 20.011 Thread 0x000001c47d638eb0 DEOPT PACKING pc=0x000001c46ee51200 sp=0x00000002f48fe5e0
Event: 20.011 Thread 0x000001c47d638eb0 DEOPT UNPACKING pc=0x000001c46e686da2 sp=0x00000002f48fe528 mode 2
Event: 20.030 Thread 0x000001c47d638eb0 Uncommon trap: trap_request=0xffffff45 fr.pc=0x000001c46ee72288 relative=0x0000000000000b88
Event: 20.030 Thread 0x000001c47d638eb0 Uncommon trap: reason=unstable_if action=reinterpret pc=0x000001c46ee72288 method=org.eclipse.osgi.internal.loader.BundleLoader.getPackageName(Ljava/lang/String;)Ljava/lang/String; @ 12 c2
Event: 20.030 Thread 0x000001c47d638eb0 DEOPT PACKING pc=0x000001c46ee72288 sp=0x00000002f48fe0a0
Event: 20.030 Thread 0x000001c47d638eb0 DEOPT UNPACKING pc=0x000001c46e686da2 sp=0x00000002f48fe010 mode 2
Event: 20.030 Thread 0x000001c47d638eb0 Uncommon trap: trap_request=0xffffff45 fr.pc=0x000001c46ee5b9ec relative=0x000000000000068c
Event: 20.030 Thread 0x000001c47d638eb0 Uncommon trap: reason=unstable_if action=reinterpret pc=0x000001c46ee5b9ec method=org.eclipse.osgi.internal.loader.BundleLoader.getPackageName(Ljava/lang/String;)Ljava/lang/String; @ 12 c2
Event: 20.030 Thread 0x000001c47d638eb0 DEOPT PACKING pc=0x000001c46ee5b9ec sp=0x00000002f48fde50
Event: 20.030 Thread 0x000001c47d638eb0 DEOPT UNPACKING pc=0x000001c46e686da2 sp=0x00000002f48fde38 mode 2
Event: 20.036 Thread 0x000001c47d638eb0 Uncommon trap: trap_request=0xffffffde fr.pc=0x000001c46ec32cd8 relative=0x0000000000000538
Event: 20.036 Thread 0x000001c47d638eb0 Uncommon trap: reason=class_check action=maybe_recompile pc=0x000001c46ec32cd8 method=java.util.HashMap.putVal(ILjava/lang/Object;Ljava/lang/Object;ZZ)Ljava/lang/Object; @ 203 c2
Event: 20.036 Thread 0x000001c47d638eb0 DEOPT PACKING pc=0x000001c46ec32cd8 sp=0x00000002f48fd9d0
Event: 20.036 Thread 0x000001c47d638eb0 DEOPT UNPACKING pc=0x000001c46e686da2 sp=0x00000002f48fd8c0 mode 2
Event: 20.060 Thread 0x000001c47d638eb0 DEOPT PACKING pc=0x000001c467be943c sp=0x00000002f48f7f80
Event: 20.060 Thread 0x000001c47d638eb0 DEOPT UNPACKING pc=0x000001c46e6878e2 sp=0x00000002f48f74a0 mode 0
Event: 20.144 Thread 0x000001c47d638eb0 DEOPT PACKING pc=0x000001c4671aedf8 sp=0x00000002f48fe340
Event: 20.144 Thread 0x000001c47d638eb0 DEOPT UNPACKING pc=0x000001c46e6878e2 sp=0x00000002f48fd828 mode 0
Event: 20.237 Thread 0x000001c47d638eb0 DEOPT PACKING pc=0x000001c467be943c sp=0x00000002f48fb750
Event: 20.237 Thread 0x000001c47d638eb0 DEOPT UNPACKING pc=0x000001c46e6878e2 sp=0x00000002f48fac70 mode 0

Classes loaded (20 events):
Event: 11.949 Loading class java/util/regex/Pattern$Pos
Event: 11.949 Loading class java/util/regex/Pattern$Pos done
Event: 11.995 Loading class sun/security/provider/MD5
Event: 11.996 Loading class sun/security/provider/MD5 done
Event: 11.996 Loading class sun/security/provider/ByteArrayAccess$LE
Event: 11.997 Loading class sun/security/provider/ByteArrayAccess$LE done
Event: 20.192 Loading class java/lang/Throwable$WrappedPrintStream
Event: 20.192 Loading class java/lang/Throwable$PrintStreamOrWriter
Event: 20.192 Loading class java/lang/Throwable$PrintStreamOrWriter done
Event: 20.192 Loading class java/lang/Throwable$WrappedPrintStream done
Event: 20.210 Loading class java/util/concurrent/CompletableFuture$AltResult
Event: 20.211 Loading class java/util/concurrent/CompletableFuture$AltResult done
Event: 20.211 Loading class java/util/concurrent/CompletableFuture$Completion
Event: 20.211 Loading class java/util/concurrent/CompletableFuture$AsynchronousCompletionTask
Event: 20.211 Loading class java/util/concurrent/CompletableFuture$AsynchronousCompletionTask done
Event: 20.213 Loading class java/util/concurrent/CompletableFuture$Completion done
Event: 20.222 Loading class sun/nio/ch/WindowsAsynchronousFileChannelImpl$WriteTask
Event: 20.223 Loading class sun/nio/ch/WindowsAsynchronousFileChannelImpl$WriteTask done
Event: 20.262 Loading class jdk/internal/math/FormattedFPDecimal
Event: 20.262 Loading class jdk/internal/math/FormattedFPDecimal done

Classes unloaded (7 events):
Event: 4.803 Thread 0x000001c47a973490 Unloading class 0x000001c4011ab400 'java/lang/invoke/LambdaForm$MH+0x000001c4011ab400'
Event: 4.803 Thread 0x000001c47a973490 Unloading class 0x000001c4011ab000 'java/lang/invoke/LambdaForm$MH+0x000001c4011ab000'
Event: 4.803 Thread 0x000001c47a973490 Unloading class 0x000001c4011aac00 'java/lang/invoke/LambdaForm$MH+0x000001c4011aac00'
Event: 4.803 Thread 0x000001c47a973490 Unloading class 0x000001c4011aa800 'java/lang/invoke/LambdaForm$MH+0x000001c4011aa800'
Event: 4.803 Thread 0x000001c47a973490 Unloading class 0x000001c4011aa400 'java/lang/invoke/LambdaForm$BMH+0x000001c4011aa400'
Event: 4.803 Thread 0x000001c47a973490 Unloading class 0x000001c4011aa000 'java/lang/invoke/LambdaForm$DMH+0x000001c4011aa000'
Event: 4.803 Thread 0x000001c47a973490 Unloading class 0x000001c4011a8c00 'java/lang/invoke/LambdaForm$DMH+0x000001c4011a8c00'

Classes redefined (0 events):
No events

Internal exceptions (20 events):
Event: 10.635 Thread 0x000001c461c1ad70 Exception <a 'java/lang/IncompatibleClassChangeError'{0x00000000d598f3c8}: Found class java.lang.Object, but interface was expected> (0x00000000d598f3c8) 
thrown [s\src\hotspot\share\interpreter\linkResolver.cpp, line 840]
Event: 10.682 Thread 0x000001c47d02a270 Exception <a 'java/io/FileNotFoundException'{0x00000000d59adfb8}> (0x00000000d59adfb8) 
thrown [s\src\hotspot\share\prims\jni.cpp, line 520]
Event: 10.683 Thread 0x000001c47d02a270 Exception <a 'java/io/FileNotFoundException'{0x00000000d59af240}> (0x00000000d59af240) 
thrown [s\src\hotspot\share\prims\jni.cpp, line 520]
Event: 10.687 Thread 0x000001c47d02a270 Exception <a 'java/lang/NoSuchMethodError'{0x00000000d59bd0f0}: 'java.lang.Object java.lang.invoke.DirectMethodHandle$Holder.newInvokeSpecial(java.lang.Object, java.lang.Object, java.lang.Object, int)'> (0x00000000d59bd0f0) 
thrown [s\src\hotspot\share\interpreter\linkResolver.cpp, line 773]
Event: 10.688 Thread 0x000001c47d02a270 Exception <a 'java/lang/NoSuchMethodError'{0x00000000d59c0fd0}: 'java.lang.Object java.lang.invoke.DirectMethodHandle$Holder.invokeSpecial(java.lang.Object, java.lang.Object, java.lang.Object, java.lang.Object, int)'> (0x00000000d59c0fd0) 
thrown [s\src\hotspot\share\interpreter\linkResolver.cpp, line 773]
Event: 10.688 Thread 0x000001c47d02a270 Exception <a 'java/lang/NoSuchMethodError'{0x00000000d59c4478}: 'java.lang.Object java.lang.invoke.Invokers$Holder.linkToTargetMethod(java.lang.Object, java.lang.Object, int, java.lang.Object)'> (0x00000000d59c4478) 
thrown [s\src\hotspot\share\interpreter\linkResolver.cpp, line 773]
Event: 10.691 Thread 0x000001c47d02a270 Exception <a 'java/lang/NoSuchMethodError'{0x00000000d59d0308}: 'void java.lang.invoke.DirectMethodHandle$Holder.invokeStaticInit(java.lang.Object, java.lang.Object, java.lang.Object)'> (0x00000000d59d0308) 
thrown [s\src\hotspot\share\interpreter\linkResolver.cpp, line 773]
Event: 10.958 Thread 0x000001c47d02b620 Exception <a 'java/lang/ExceptionInInitializerError'{0x00000000d6513a30}> (0x00000000d6513a30) 
thrown [s\src\hotspot\share\oops\instanceKlass.cpp, line 1220]
Event: 10.989 Thread 0x000001c47d02b620 Implicit null exception at 0x000001c46ed9fe77 to 0x000001c46eda00e8
Event: 10.999 Thread 0x000001c47d02b620 Implicit null exception at 0x000001c46ed0eb7e to 0x000001c46ed0edf0
Event: 11.000 Thread 0x000001c47d02b620 Implicit null exception at 0x000001c46ec8459c to 0x000001c46ec854c0
Event: 11.005 Thread 0x000001c47d02b620 Exception <a 'java/lang/NoSuchMethodError'{0x00000000d66bd9e8}: 'java.lang.Object java.lang.invoke.Invokers$Holder.invokeExact_MT(java.lang.Object, int, java.lang.Object)'> (0x00000000d66bd9e8) 
thrown [s\src\hotspot\share\interpreter\linkResolver.cpp, line 773]
Event: 11.610 Thread 0x000001c47d02b620 Exception <a 'java/lang/NoClassDefFoundError'{0x00000000d61634f8}: com/google/inject/servlet/ServletModuleTargetVisitor> (0x00000000d61634f8) 
thrown [s\src\hotspot\share\classfile\systemDictionary.cpp, line 301]
Event: 11.668 Thread 0x000001c47d02b620 Exception <a 'java/lang/NoSuchMethodError'{0x00000000d632f418}: 'java.lang.Object java.lang.invoke.DirectMethodHandle$Holder.invokeStatic(java.lang.Object, int, java.lang.Object, java.lang.Object)'> (0x00000000d632f418) 
thrown [s\src\hotspot\share\interpreter\linkResolver.cpp, line 773]
Event: 11.669 Thread 0x000001c47d02b620 Exception <a 'java/lang/NoSuchMethodError'{0x00000000d6332c18}: 'java.lang.Object java.lang.invoke.DelegatingMethodHandle$Holder.delegate(java.lang.Object, int, java.lang.Object, java.lang.Object)'> (0x00000000d6332c18) 
thrown [s\src\hotspot\share\interpreter\linkResolver.cpp, line 773]
Event: 11.672 Thread 0x000001c47d02b620 Exception <a 'java/lang/NoSuchMethodError'{0x00000000d6346618}: 'int java.lang.invoke.Invokers$Holder.linkToTargetMethod(java.lang.Object, java.lang.Object, java.lang.Object)'> (0x00000000d6346618) 
thrown [s\src\hotspot\share\interpreter\linkResolver.cpp, line 773]
Event: 11.831 Thread 0x000001c47d02a270 Exception <a 'java/io/FileNotFoundException'{0x00000000d6642bc8}> (0x00000000d6642bc8) 
thrown [s\src\hotspot\share\prims\jni.cpp, line 520]
Event: 11.831 Thread 0x000001c47d02a270 Exception <a 'java/io/FileNotFoundException'{0x00000000d6643900}> (0x00000000d6643900) 
thrown [s\src\hotspot\share\prims\jni.cpp, line 520]
Event: 20.053 Thread 0x000001c47d638eb0 Exception <a 'java/io/FileNotFoundException'{0x00000000d5635700}> (0x00000000d5635700) 
thrown [s\src\hotspot\share\prims\jni.cpp, line 520]
Event: 20.191 Thread 0x000001c47d638eb0 Exception <a 'java/io/IOException'{0x00000000d59c1230}> (0x00000000d59c1230) 
thrown [s\src\hotspot\share\prims\jni.cpp, line 520]

ZGC Phase Switch (0 events):
No events

VM Operations (20 events):
Event: 10.040 Executing VM operation: ParallelGCFailedAllocation (Allocation Failure)
Event: 10.050 Executing VM operation: ParallelGCFailedAllocation (Allocation Failure) done
Event: 10.499 Executing VM operation: ParallelGCFailedAllocation (Allocation Failure)
Event: 10.506 Executing VM operation: ParallelGCFailedAllocation (Allocation Failure) done
Event: 11.116 Executing VM operation: ParallelGCFailedAllocation (Allocation Failure)
Event: 11.124 Executing VM operation: ParallelGCFailedAllocation (Allocation Failure) done
Event: 11.149 Executing VM operation: HandshakeAllThreads (Deoptimize)
Event: 11.149 Executing VM operation: HandshakeAllThreads (Deoptimize) done
Event: 11.811 Executing VM operation: ICBufferFull
Event: 11.811 Executing VM operation: ICBufferFull done
Event: 11.884 Executing VM operation: ParallelGCFailedAllocation (Allocation Failure)
Event: 11.891 Executing VM operation: ParallelGCFailedAllocation (Allocation Failure) done
Event: 12.903 Executing VM operation: Cleanup
Event: 12.903 Executing VM operation: Cleanup done
Event: 19.955 Executing VM operation: Cleanup
Event: 19.955 Executing VM operation: Cleanup done
Event: 20.016 Executing VM operation: ParallelGCFailedAllocation (Allocation Failure)
Event: 20.027 Executing VM operation: ParallelGCFailedAllocation (Allocation Failure) done
Event: 20.039 Executing VM operation: HandshakeAllThreads (Deoptimize)
Event: 20.040 Executing VM operation: HandshakeAllThreads (Deoptimize) done

Memory protections (0 events):
No events

Nmethod flushes (20 events):
Event: 8.826 Thread 0x000001c47a973490 flushing  nmethod 0x000001c46775a710
Event: 8.826 Thread 0x000001c47a973490 flushing  nmethod 0x000001c46775b010
Event: 8.826 Thread 0x000001c47a973490 flushing  nmethod 0x000001c46775c210
Event: 8.826 Thread 0x000001c47a973490 flushing  nmethod 0x000001c46775ca10
Event: 8.826 Thread 0x000001c47a973490 flushing  nmethod 0x000001c46775db10
Event: 8.826 Thread 0x000001c47a973490 flushing  nmethod 0x000001c46775e010
Event: 8.826 Thread 0x000001c47a973490 flushing  nmethod 0x000001c46775e910
Event: 8.826 Thread 0x000001c47a973490 flushing  nmethod 0x000001c46775fd90
Event: 8.826 Thread 0x000001c47a973490 flushing  nmethod 0x000001c467762a90
Event: 8.826 Thread 0x000001c47a973490 flushing  nmethod 0x000001c467764710
Event: 8.826 Thread 0x000001c47a973490 flushing  nmethod 0x000001c4677b9410
Event: 8.826 Thread 0x000001c47a973490 flushing  nmethod 0x000001c4677ba890
Event: 8.826 Thread 0x000001c47a973490 flushing  nmethod 0x000001c467802110
Event: 8.826 Thread 0x000001c47a973490 flushing  nmethod 0x000001c467805c90
Event: 8.826 Thread 0x000001c47a973490 flushing  nmethod 0x000001c467820310
Event: 8.826 Thread 0x000001c47a973490 flushing  nmethod 0x000001c467837f90
Event: 8.826 Thread 0x000001c47a973490 flushing  nmethod 0x000001c467879510
Event: 8.826 Thread 0x000001c47a973490 flushing  nmethod 0x000001c467879990
Event: 8.826 Thread 0x000001c47a973490 flushing  nmethod 0x000001c467896010
Event: 8.826 Thread 0x000001c47a973490 flushing  nmethod 0x000001c467896b10

Events (20 events):
Event: 9.334 Thread 0x000001c461c1ad70 Thread added: 0x000001c47d63b610
Event: 9.334 Thread 0x000001c461c1ad70 Thread added: 0x000001c47d634d10
Event: 9.334 Thread 0x000001c461c1ad70 Thread added: 0x000001c47d639540
Event: 9.334 Thread 0x000001c461c1ad70 Thread added: 0x000001c47d637470
Event: 9.334 Thread 0x000001c461c1ad70 Thread added: 0x000001c47d638820
Event: 9.334 Thread 0x000001c461c1ad70 Thread added: 0x000001c47d639bd0
Event: 9.439 Thread 0x000001c461c1ad70 Thread added: 0x000001c47d634680
Event: 10.787 Thread 0x000001c461c1ad70 Thread added: 0x000001c47d63a8f0
Event: 10.787 Thread 0x000001c461c1ad70 Thread added: 0x000001c47d638eb0
Event: 11.837 Thread 0x000001c47d02a270 Thread added: 0x000001c47d638190
Event: 11.838 Thread 0x000001c47d02a270 Thread added: 0x000001c47d63a260
Event: 11.838 Thread 0x000001c47d638190 Thread added: 0x000001c47d6360c0
Event: 11.839 Thread 0x000001c47d63a260 Thread added: 0x000001c47d636de0
Event: 11.839 Thread 0x000001c47d6360c0 Thread added: 0x000001c445fac620
Event: 11.840 Thread 0x000001c47d02a270 Thread added: 0x000001c445faa550
Event: 11.840 Thread 0x000001c47d636de0 Thread added: 0x000001c445faabe0
Event: 17.401 Thread 0x000001c47dde56f0 Thread exited: 0x000001c47dde56f0
Event: 19.388 Thread 0x000001c47d91be60 Thread exited: 0x000001c47d91be60
Event: 20.081 Thread 0x000001c47c25e8a0 Thread added: 0x000001c446aa30f0
Event: 20.158 Thread 0x000001c47c25e8a0 Thread added: 0x000001c446aa59d0


Dynamic libraries:
0x00007ff6993c0000 - 0x00007ff6993ce000 	c:\Users\HP\.vscode\extensions\redhat.java-1.51.0-win32-x64\jre\21.0.9-win32-x86_64\bin\java.exe
0x00007ffeafe90000 - 0x00007ffeb00a7000 	C:\WINDOWS\SYSTEM32\ntdll.dll
0x00007ffeaee90000 - 0x00007ffeaef54000 	C:\WINDOWS\System32\KERNEL32.DLL
0x00007ffeacfb0000 - 0x00007ffead382000 	C:\WINDOWS\System32\KERNELBASE.dll
0x00007ffead890000 - 0x00007ffead9a1000 	C:\WINDOWS\System32\ucrtbase.dll
0x00007ffea7860000 - 0x00007ffea7878000 	c:\Users\HP\.vscode\extensions\redhat.java-1.51.0-win32-x64\jre\21.0.9-win32-x86_64\bin\jli.dll
0x00007ffeafb00000 - 0x00007ffeafcb1000 	C:\WINDOWS\System32\USER32.dll
0x00007ffeadaf0000 - 0x00007ffeadb16000 	C:\WINDOWS\System32\win32u.dll
0x00007ffeaf970000 - 0x00007ffeaf999000 	C:\WINDOWS\System32\GDI32.dll
0x00007ffead450000 - 0x00007ffead573000 	C:\WINDOWS\System32\gdi32full.dll
0x00007ffead580000 - 0x00007ffead61a000 	C:\WINDOWS\System32\msvcp_win.dll
0x00007ffea78f0000 - 0x00007ffea790e000 	c:\Users\HP\.vscode\extensions\redhat.java-1.51.0-win32-x64\jre\21.0.9-win32-x86_64\bin\VCRUNTIME140.dll
0x00007ffe94a70000 - 0x00007ffe94d0b000 	C:\WINDOWS\WinSxS\amd64_microsoft.windows.common-controls_6595b64144ccf1df_6.0.22621.5547_none_27104afb73855772\COMCTL32.dll
0x00007ffeaf520000 - 0x00007ffeaf5c7000 	C:\WINDOWS\System32\msvcrt.dll
0x00007ffeae430000 - 0x00007ffeae461000 	C:\WINDOWS\System32\IMM32.DLL
0x00007ffea77c0000 - 0x00007ffea77cc000 	c:\Users\HP\.vscode\extensions\redhat.java-1.51.0-win32-x64\jre\21.0.9-win32-x86_64\bin\vcruntime140_1.dll
0x00007ffe77370000 - 0x00007ffe773fd000 	c:\Users\HP\.vscode\extensions\redhat.java-1.51.0-win32-x64\jre\21.0.9-win32-x86_64\bin\msvcp140.dll
0x00007ffdf8470000 - 0x00007ffdf9210000 	c:\Users\HP\.vscode\extensions\redhat.java-1.51.0-win32-x64\jre\21.0.9-win32-x86_64\bin\server\jvm.dll
0x00007ffeaef60000 - 0x00007ffeaf011000 	C:\WINDOWS\System32\ADVAPI32.dll
0x00007ffeaf020000 - 0x00007ffeaf0c8000 	C:\WINDOWS\System32\sechost.dll
0x00007ffeacf80000 - 0x00007ffeacfa8000 	C:\WINDOWS\System32\bcrypt.dll
0x00007ffeaf710000 - 0x00007ffeaf824000 	C:\WINDOWS\System32\RPCRT4.dll
0x00007ffeafcc0000 - 0x00007ffeafd31000 	C:\WINDOWS\System32\WS2_32.dll
0x00007ffeac860000 - 0x00007ffeac8ad000 	C:\WINDOWS\SYSTEM32\POWRPROF.dll
0x00007ffea76d0000 - 0x00007ffea7704000 	C:\WINDOWS\SYSTEM32\WINMM.dll
0x00007ffea1ca0000 - 0x00007ffea1caa000 	C:\WINDOWS\SYSTEM32\VERSION.dll
0x00007ffeac800000 - 0x00007ffeac813000 	C:\WINDOWS\SYSTEM32\UMPDC.dll
0x00007ffeabf70000 - 0x00007ffeabf88000 	C:\WINDOWS\SYSTEM32\kernel.appcore.dll
0x00007ffea7790000 - 0x00007ffea779a000 	c:\Users\HP\.vscode\extensions\redhat.java-1.51.0-win32-x64\jre\21.0.9-win32-x86_64\bin\jimage.dll
0x00007ffeaa970000 - 0x00007ffeaaba3000 	C:\WINDOWS\SYSTEM32\DBGHELP.DLL
0x00007ffeae000000 - 0x00007ffeae393000 	C:\WINDOWS\System32\combase.dll
0x00007ffeaf0d0000 - 0x00007ffeaf1a7000 	C:\WINDOWS\System32\OLEAUT32.dll
0x00007ffe95200000 - 0x00007ffe95232000 	C:\WINDOWS\SYSTEM32\dbgcore.DLL
0x00007ffead810000 - 0x00007ffead88b000 	C:\WINDOWS\System32\bcryptPrimitives.dll
0x00007ffea7780000 - 0x00007ffea778f000 	c:\Users\HP\.vscode\extensions\redhat.java-1.51.0-win32-x64\jre\21.0.9-win32-x86_64\bin\instrument.dll
0x00007ffea4840000 - 0x00007ffea4860000 	c:\Users\HP\.vscode\extensions\redhat.java-1.51.0-win32-x64\jre\21.0.9-win32-x86_64\bin\java.dll
0x00007ffeae5d0000 - 0x00007ffeaee72000 	C:\WINDOWS\System32\SHELL32.dll
0x00007ffead9b0000 - 0x00007ffeadaef000 	C:\WINDOWS\System32\wintypes.dll
0x00007ffeaae60000 - 0x00007ffeab77d000 	C:\WINDOWS\SYSTEM32\windows.storage.dll
0x00007ffeafd40000 - 0x00007ffeafe4c000 	C:\WINDOWS\System32\SHCORE.dll
0x00007ffeaf880000 - 0x00007ffeaf8e9000 	C:\WINDOWS\System32\shlwapi.dll
0x00007ffeaceb0000 - 0x00007ffeacedb000 	C:\WINDOWS\SYSTEM32\profapi.dll
0x00007ffea4760000 - 0x00007ffea4778000 	c:\Users\HP\.vscode\extensions\redhat.java-1.51.0-win32-x64\jre\21.0.9-win32-x86_64\bin\zip.dll
0x00007ffe94fe0000 - 0x00007ffe94ff0000 	C:\Users\HP\.vscode\extensions\redhat.java-1.51.0-win32-x64\jre\21.0.9-win32-x86_64\bin\net.dll
0x00007ffea7e50000 - 0x00007ffea7f7c000 	C:\WINDOWS\SYSTEM32\WINHTTP.dll
0x00007ffeac3e0000 - 0x00007ffeac449000 	C:\WINDOWS\system32\mswsock.dll
0x00007ffe94f60000 - 0x00007ffe94f76000 	C:\Users\HP\.vscode\extensions\redhat.java-1.51.0-win32-x64\jre\21.0.9-win32-x86_64\bin\nio.dll
0x00007ffe92650000 - 0x00007ffe92660000 	c:\Users\HP\.vscode\extensions\redhat.java-1.51.0-win32-x64\jre\21.0.9-win32-x86_64\bin\verify.dll
0x00007ffe88600000 - 0x00007ffe88644000 	C:\Users\HP\AppData\Roaming\Code\User\globalStorage\redhat.java\1.51.0\config_win\org.eclipse.equinox.launcher\org.eclipse.equinox.launcher.win32.win32.x86_64_1.2.1400.v20250801-0854\eclipse_11916.dll
0x00007ffeaf380000 - 0x00007ffeaf520000 	C:\WINDOWS\System32\ole32.dll
0x00007ffeac7a0000 - 0x00007ffeac7bb000 	C:\WINDOWS\SYSTEM32\CRYPTSP.dll
0x00007ffeabed0000 - 0x00007ffeabf07000 	C:\WINDOWS\system32\rsaenh.dll
0x00007ffeac480000 - 0x00007ffeac4a8000 	C:\WINDOWS\SYSTEM32\USERENV.dll
0x00007ffeac710000 - 0x00007ffeac71c000 	C:\WINDOWS\SYSTEM32\CRYPTBASE.dll
0x00007ffeaba20000 - 0x00007ffeaba4d000 	C:\WINDOWS\SYSTEM32\IPHLPAPI.DLL
0x00007ffeaf680000 - 0x00007ffeaf689000 	C:\WINDOWS\System32\NSI.dll
0x00007ffe7ff50000 - 0x00007ffe7ff99000 	C:\Users\HP\AppData\Local\Temp\jna-2312\jna11995625338092669452.dll
0x00007ffeaee80000 - 0x00007ffeaee88000 	C:\WINDOWS\System32\PSAPI.DLL
0x00007ffea7b00000 - 0x00007ffea7b19000 	C:\WINDOWS\SYSTEM32\dhcpcsvc6.DLL
0x00007ffea7760000 - 0x00007ffea777f000 	C:\WINDOWS\SYSTEM32\dhcpcsvc.DLL

JVMTI agents:
c:\Users\HP\.vscode\extensions\redhat.java-1.51.0-win32-x64\lombok\lombok-1.18.39-4050.jar path:c:\Users\HP\.vscode\extensions\redhat.java-1.51.0-win32-x64\jre\21.0.9-win32-x86_64\bin\instrument.dll, loaded, initialized, instrumentlib options:none

dbghelp: loaded successfully - version: 4.0.5 - missing functions: none
symbol engine: initialized successfully - sym options: 0x614 - pdb path: .;c:\Users\HP\.vscode\extensions\redhat.java-1.51.0-win32-x64\jre\21.0.9-win32-x86_64\bin;C:\WINDOWS\SYSTEM32;C:\WINDOWS\WinSxS\amd64_microsoft.windows.common-controls_6595b64144ccf1df_6.0.22621.5547_none_27104afb73855772;c:\Users\HP\.vscode\extensions\redhat.java-1.51.0-win32-x64\jre\21.0.9-win32-x86_64\bin\server;C:\Users\HP\AppData\Roaming\Code\User\globalStorage\redhat.java\1.51.0\config_win\org.eclipse.equinox.launcher\org.eclipse.equinox.launcher.win32.win32.x86_64_1.2.1400.v20250801-0854;C:\Users\HP\AppData\Local\Temp\jna-2312

VM Arguments:
jvm_args: --add-modules=ALL-SYSTEM --add-opens=java.base/java.util=ALL-UNNAMED --add-opens=java.base/java.lang=ALL-UNNAMED --add-opens=java.base/sun.nio.fs=ALL-UNNAMED -Declipse.application=org.eclipse.jdt.ls.core.id1 -Dosgi.bundles.defaultStartLevel=4 -Declipse.product=org.eclipse.jdt.ls.core.product -Djava.import.generatesMetadataFilesAtProjectRoot=false -DDetectVMInstallationsJob.disabled=true -Dfile.encoding=utf8 -XX:+UseParallelGC -XX:GCTimeRatio=4 -XX:AdaptiveSizePolicyWeight=90 -Dsun.zip.disableMemoryMapping=true -Xmx2G -Xms100m -Xlog:disable -javaagent:c:\Users\HP\.vscode\extensions\redhat.java-1.51.0-win32-x64\lombok\lombok-1.18.39-4050.jar -XX:+HeapDumpOnOutOfMemoryError -XX:HeapDumpPath=c:\Users\HP\AppData\Roaming\Code\User\workspaceStorage\f533127a79ea1bde83530a0def03e6dc\redhat.java -Daether.dependencyCollector.impl=bf 
java_command: c:\Users\HP\.vscode\extensions\redhat.java-1.51.0-win32-x64\server\plugins\org.eclipse.equinox.launcher_1.7.100.v20251111-0406.jar -configuration c:\Users\HP\AppData\Roaming\Code\User\globalStorage\redhat.java\1.51.0\config_win -data c:\Users\HP\AppData\Roaming\Code\User\workspaceStorage\f533127a79ea1bde83530a0def03e6dc\redhat.java\jdt_ws --pipe=\\.\pipe\lsp-ae4727e5bda882203a472908336d6b09-sock
java_class_path (initial): c:\Users\HP\.vscode\extensions\redhat.java-1.51.0-win32-x64\server\plugins\org.eclipse.equinox.launcher_1.7.100.v20251111-0406.jar
Launcher Type: SUN_STANDARD

[Global flags]
    uintx AdaptiveSizePolicyWeight                 = 90                                        {product} {command line}
     intx CICompilerCount                          = 4                                         {product} {ergonomic}
    uintx GCTimeRatio                              = 4                                         {product} {command line}
     bool HeapDumpOnOutOfMemoryError               = true                                   {manageable} {command line}
    ccstr HeapDumpPath                             = c:\Users\HP\AppData\Roaming\Code\User\workspaceStorage\f533127a79ea1bde83530a0def03e6dc\redhat.java         {manageable} {command line}
   size_t InitialHeapSize                          = 104857600                                 {product} {command line}
   size_t MaxHeapSize                              = 2147483648                                {product} {command line}
   size_t MaxNewSize                               = 715653120                                 {product} {ergonomic}
   size_t MinHeapDeltaBytes                        = 524288                                    {product} {ergonomic}
   size_t MinHeapSize                              = 104857600                                 {product} {command line}
   size_t NewSize                                  = 34603008                                  {product} {ergonomic}
    uintx NonNMethodCodeHeapSize                   = 5839372                                {pd product} {ergonomic}
    uintx NonProfiledCodeHeapSize                  = 122909434                              {pd product} {ergonomic}
   size_t OldSize                                  = 70254592                                  {product} {ergonomic}
    uintx ProfiledCodeHeapSize                     = 122909434                              {pd product} {ergonomic}
    uintx ReservedCodeCacheSize                    = 251658240                              {pd product} {ergonomic}
     bool SegmentedCodeCache                       = true                                      {product} {ergonomic}
   size_t SoftMaxHeapSize                          = 2147483648                             {manageable} {ergonomic}
     bool UseCompressedOops                        = true                           {product lp64_product} {ergonomic}
     bool UseLargePagesIndividualAllocation        = false                                  {pd product} {ergonomic}
     bool UseParallelGC                            = true                                      {product} {command line}

Logging:
Log output configuration:
 #0: stdout all=off uptime,level,tags foldmultilines=false
 #1: stderr all=off uptime,level,tags foldmultilines=false

Release file:
JAVA_VERSION="21.0.9" 
MODULES="java.base java.compiler java.datatransfer java.xml java.prefs java.desktop java.instrument java.logging java.management java.security.sasl java.naming java.rmi java.management.rmi java.net.http java.scripting java.security.jgss java.transaction.xa java.sql java.sql.rowset java.xml.crypto java.se java.smartcardio jdk.accessibility jdk.internal.jvmstat jdk.attach jdk.charsets jdk.internal.opt jdk.zipfs jdk.compiler jdk.crypto.ec jdk.crypto.cryptoki jdk.crypto.mscapi jdk.dynalink jdk.internal.ed jdk.editpad jdk.hotspot.agent jdk.httpserver jdk.internal.le jdk.internal.vm.ci jdk.internal.vm.compiler jdk.internal.vm.compiler.management jdk.jartool jdk.javadoc jdk.jcmd jdk.management jdk.management.agent jdk.jconsole jdk.jdeps jdk.jdwp.agent jdk.jdi jdk.jfr jdk.jshell jdk.jsobject jdk.jstatd jdk.localedata jdk.management.jfr jdk.naming.dns jdk.naming.rmi jdk.net jdk.nio.mapmode jdk.random jdk.sctp jdk.security.auth jdk.security.jgss jdk.unsupported jdk.unsupported.desktop jdk.xml.dom" 

Environment Variables:
JAVA_HOME=C:\Program Files\Java\jdk-21
PATH=C:\Program Files\Common Files\Oracle\Java\javapath;C:\Program Files\Python312\Scripts\;C:\Program Files\Python312\;C:\WINDOWS\system32;C:\WINDOWS;C:\WINDOWS\System32\Wbem;C:\WINDOWS\System32\WindowsPowerShell\v1.0\;C:\WINDOWS\System32\OpenSSH\;C:\Program Files\PuTTY\;C:\Program Files\nodejs\;C:\Program Files\Git\cmd;C:\Users\HP\AppData\Roaming\Python\Python312\Scripts;C:\Program Files\apache-maven-3.9.8\bin;C:\xampp\php;C:\ProgramData\ComposerSetup\bin;C:\ProgramData\chocolatey\bin;C:\Program Files\CMake\bin;C:\Users\HP\AppData\Local\Microsoft\WindowsApps;C:\Users\HP\AppData\Local\Programs\Microsoft VS Code\bin;C:\Users\HP\AppData\Roaming\npm;C:\Users\HP\AppData\Roaming\Python\Python312\Scripts;C:\Program Files\Python312\Scripts\;C:\Program Files\Python312;C:\Users\HP\AppData\Roaming\Composer\vendor\bin;C:\server\php;C:\Program Files\OpenSSL-Win64\bin;C:\Users\HP\Downloads\ngrok-v3-stable-windows-amd64;C:\Program Files\OpenSSL-Win64\lib;C:\Program Files\CodeBlocks\MinGW\bin;C:\xampp\mysql\bin;C:\Program Files (x86)\Nmap;C:\Program Files\Java\jdk-21\bin
USERNAME=HP
OS=Windows_NT
PROCESSOR_IDENTIFIER=Intel64 Family 6 Model 126 Stepping 5, GenuineIntel
TMP=C:\Users\HP\AppData\Local\Temp
TEMP=C:\Users\HP\AppData\Local\Temp




Periodic native trim disabled

---------------  S Y S T E M  ---------------

OS:
 Windows 11 , 64 bit Build 22621 (10.0.22621.5415)
OS uptime: 0 days 7:47 hours
Hyper-V role detected

CPU: total 8 (initial active 8) (4 cores per cpu, 2 threads per core) family 6 model 126 stepping 5 microcode 0xa8, cx8, cmov, fxsr, ht, mmx, 3dnowpref, sse, sse2, sse3, ssse3, sse4.1, sse4.2, popcnt, lzcnt, tsc, tscinvbit, avx, avx2, aes, erms, clmul, bmi1, bmi2, adx, avx512f, avx512dq, avx512cd, avx512bw, avx512vl, sha, fma, vzeroupper, avx512_vpopcntdq, avx512_vpclmulqdq, avx512_vaes, avx512_vnni, clflush, clflushopt, avx512_vbmi2, avx512_vbmi, hv, rdtscp, rdpid, fsrm, gfni, avx512_bitalg, f16c, avx512_ifma
Processor Information for the first 8 processors :
  Max Mhz: 1498, Current Mhz: 1298, Mhz Limit: 1288

Memory: 4k page, system-wide physical 16161M (2725M free)
TotalPageFile size 20742M (AvailPageFile size 180M)
current process WorkingSet (physical memory assigned to process): 222M, peak: 247M
current process commit charge ("private bytes"): 347M, peak: 368M

vm_info: OpenJDK 64-Bit Server VM (21.0.9+10-LTS) for windows-amd64 JRE (21.0.9+10-LTS), built on 2025-10-21T00:00:00Z by "admin" with unknown MS VC++:1942

END.
