#
# There is insufficient memory for the Java Runtime Environment to continue.
# Native memory allocation (mmap) failed to map 266338304 bytes for G1 virtual space
# Possible reasons:
#   The system is out of physical RAM or swap space
#   The process is running with CompressedOops enabled, and the Java Heap may be blocking the growth of the native heap
# Possible solutions:
#   Reduce memory load on the system
#   Increase physical memory or swap space
#   Check if swap backing store is full
#   Decrease Java heap size (-Xmx/-Xms)
#   Decrease number of Java threads
#   Decrease Java thread stack sizes (-Xss)
#   Set larger code cache with -XX:ReservedCodeCacheSize=
#   JVM is running with Zero Based Compressed Oops mode in which the Java heap is
#     placed in the first 32GB address space. The Java Heap base address is the
#     maximum limit for the native heap growth. Please use -XX:HeapBaseMinAddress
#     to set the Java Heap base and to place the Java Heap above 32GB virtual address.
# This output file may be truncated or incomplete.
#
#  Out of Memory Error (os_windows.cpp:3603), pid=3956, tid=11336
#
# JRE version:  (21.0.9+7) (build )
# Java VM: Java HotSpot(TM) 64-Bit Server VM (21.0.9+7-LTS-338, mixed mode, sharing, tiered, compressed oops, compressed class ptrs, g1 gc, windows-amd64)
# No core dump will be written. Minidumps are not enabled by default on client versions of Windows
#

---------------  S U M M A R Y ------------

Command Line: -Dclassworlds.conf=C:\Users\HP\.m2\wrapper\dists\apache-maven-3.9.11\03d7e36a140982eea48e22c1dcac01d8862b2550b2939e09a0809bbc5182a5bc\bin\m2.conf -Dmaven.home=C:\Users\HP\.m2\wrapper\dists\apache-maven-3.9.11\03d7e36a140982eea48e22c1dcac01d8862b2550b2939e09a0809bbc5182a5bc -Dlibrary.jansi.path=C:\Users\HP\.m2\wrapper\dists\apache-maven-3.9.11\03d7e36a140982eea48e22c1dcac01d8862b2550b2939e09a0809bbc5182a5bc\lib\jansi-native -Dmaven.multiModuleProjectDirectory=c:\Users\HP\Downloads\zaphira-main\zaphira-main\service-user org.codehaus.plexus.classworlds.launcher.Launcher --version

Host: Intel(R) Core(TM) i7-1065G7 CPU @ 1.30GHz, 8 cores, 15G,  Windows 11 , 64 bit Build 22621 (10.0.22621.5415)
Time: Thu Nov 27 02:19:11 2025 Morocco Daylight Time elapsed time: 0.016528 seconds (0d 0h 0m 0s)

---------------  T H R E A D  ---------------

Current thread (0x000001e213350560):  JavaThread "Unknown thread" [_thread_in_vm, id=11336, stack(0x000000a3a5100000,0x000000a3a5200000) (1024K)]

Stack: [0x000000a3a5100000,0x000000a3a5200000]
Native frames: (J=compiled Java code, j=interpreted, Vv=VM code, C=native code)
V  [jvm.dll+0x6cbf89]
V  [jvm.dll+0x858421]
V  [jvm.dll+0x85a94e]
V  [jvm.dll+0x85b023]
V  [jvm.dll+0x27ebc6]
V  [jvm.dll+0x6c8705]
V  [jvm.dll+0x6bd26a]
V  [jvm.dll+0x354a0a]
V  [jvm.dll+0x35c686]
V  [jvm.dll+0x3af79e]
V  [jvm.dll+0x3afa48]
V  [jvm.dll+0x328d1c]
V  [jvm.dll+0x32987b]
V  [jvm.dll+0x821739]
V  [jvm.dll+0x3bc481]
V  [jvm.dll+0x80a9b8]
V  [jvm.dll+0x45166e]
V  [jvm.dll+0x453261]
C  [jli.dll+0x52a3]
C  [ucrtbase.dll+0x29333]
C  [KERNEL32.DLL+0x1259d]
C  [ntdll.dll+0x5af78]


---------------  P R O C E S S  ---------------

Threads class SMR info:
_java_thread_list=0x00007ffb6a09fc08, length=0, elements={
}

Java Threads: ( => current thread )
Total: 0

Other Threads:
  0x000001e215636120 WorkerThread "GC Thread#0"                     [id=3004, stack(0x000000a3a5200000,0x000000a3a5300000) (1024K)]
  0x000001e215648570 ConcurrentGCThread "G1 Main Marker"            [id=18064, stack(0x000000a3a5300000,0x000000a3a5400000) (1024K)]
  0x000001e21564b830 WorkerThread "G1 Conc#0"                       [id=3016, stack(0x000000a3a5400000,0x000000a3a5500000) (1024K)]

[error occurred during error reporting (printing all threads), id 0xc0000005, EXCEPTION_ACCESS_VIOLATION (0xc0000005) at pc=0x00007ffb6980b4a7]
VM state: not at safepoint (not fully initialized)

VM Mutex/Monitor currently owned by a thread:  ([mutex/lock_event])
[0x00007ffb6a110ef0] Heap_lock - owner thread: 0x000001e213350560

Heap address: 0x0000000703600000, size: 4042 MB, Compressed Oops mode: Zero based, Oop shift amount: 3

CDS archive(s) mapped at: [0x0000000000000000-0x0000000000000000-0x0000000000000000), size 0, SharedBaseAddress: 0x0000000800000000, ArchiveRelocationMode: 1.
Narrow klass base: 0x0000000000000000, Narrow klass shift: 0, Narrow klass range: 0x0

GC Precious Log:
 CardTable entry size: 512
 Card Set container configuration: InlinePtr #cards 4 size 8 Array Of Cards #cards 16 size 48 Howl #buckets 8 coarsen threshold 3686 Howl Bitmap #cards 512 size 80 coarsen threshold 460 Card regions per heap region 1 cards per card region 4096

Heap:
 garbage-first heap   total 0K, used 0K [0x0000000703600000, 0x0000000800000000)
  region size 2048K, 0 young (0K), 0 survivors (0K)

[error occurred during error reporting (printing heap information), id 0xc0000005, EXCEPTION_ACCESS_VIOLATION (0xc0000005) at pc=0x00007ffb69bf4ff9]
GC Heap History (0 events):
No events

Dll operation events (1 events):
Event: 0.011 Loaded shared library C:\Program Files\Java\jdk-21\bin\java.dll

Deoptimization events (0 events):
No events

Classes loaded (0 events):
No events

Classes unloaded (0 events):
No events

Classes redefined (0 events):
No events

Internal exceptions (0 events):
No events

ZGC Phase Switch (0 events):
No events

VM Operations (0 events):
No events

Events (0 events):
No events


Dynamic libraries:
0x00007ff702050000 - 0x00007ff702060000 	C:\Program Files\Java\jdk-21\bin\java.exe
0x00007ffbff610000 - 0x00007ffbff827000 	C:\WINDOWS\SYSTEM32\ntdll.dll
0x00007ffbff400000 - 0x00007ffbff4c4000 	C:\WINDOWS\System32\KERNEL32.DLL
0x00007ffbfcad0000 - 0x00007ffbfcea2000 	C:\WINDOWS\System32\KERNELBASE.dll
0x00007ffbf71f0000 - 0x00007ffbf7287000 	C:\WINDOWS\SYSTEM32\apphelp.dll
0x00007ffbfc7c0000 - 0x00007ffbfc8d1000 	C:\WINDOWS\System32\ucrtbase.dll
0x00007ffbdb060000 - 0x00007ffbdb07b000 	C:\Program Files\Java\jdk-21\bin\VCRUNTIME140.dll
0x00007ffbdb000000 - 0x00007ffbdb019000 	C:\Program Files\Java\jdk-21\bin\jli.dll
0x00007ffbfdc30000 - 0x00007ffbfdce1000 	C:\WINDOWS\System32\ADVAPI32.dll
0x00007ffbfd2a0000 - 0x00007ffbfd347000 	C:\WINDOWS\System32\msvcrt.dll
0x00007ffbfdcf0000 - 0x00007ffbfdd98000 	C:\WINDOWS\System32\sechost.dll
0x00007ffbfd1d0000 - 0x00007ffbfd1f8000 	C:\WINDOWS\System32\bcrypt.dll
0x00007ffbfd400000 - 0x00007ffbfd514000 	C:\WINDOWS\System32\RPCRT4.dll
0x00007ffbfe0f0000 - 0x00007ffbfe2a1000 	C:\WINDOWS\System32\USER32.dll
0x00007ffbfcff0000 - 0x00007ffbfd016000 	C:\WINDOWS\System32\win32u.dll
0x00007ffbe1a20000 - 0x00007ffbe1cbb000 	C:\WINDOWS\WinSxS\amd64_microsoft.windows.common-controls_6595b64144ccf1df_6.0.22621.5547_none_27104afb73855772\COMCTL32.dll
0x00007ffbfd3d0000 - 0x00007ffbfd3f9000 	C:\WINDOWS\System32\GDI32.dll
0x00007ffbfd020000 - 0x00007ffbfd143000 	C:\WINDOWS\System32\gdi32full.dll
0x00007ffbfd200000 - 0x00007ffbfd29a000 	C:\WINDOWS\System32\msvcp_win.dll
0x00007ffbf2570000 - 0x00007ffbf257a000 	C:\WINDOWS\SYSTEM32\VERSION.dll
0x00007ffbff310000 - 0x00007ffbff341000 	C:\WINDOWS\System32\IMM32.DLL
0x00007ffbf6c20000 - 0x00007ffbf6c2c000 	C:\Program Files\Java\jdk-21\bin\vcruntime140_1.dll
0x00007ffbc7dc0000 - 0x00007ffbc7e4e000 	C:\Program Files\Java\jdk-21\bin\msvcp140.dll
0x00007ffb694d0000 - 0x00007ffb6a1ed000 	C:\Program Files\Java\jdk-21\bin\server\jvm.dll
0x00007ffbfdda0000 - 0x00007ffbfde11000 	C:\WINDOWS\System32\WS2_32.dll
0x00007ffbfc000000 - 0x00007ffbfc04d000 	C:\WINDOWS\SYSTEM32\POWRPROF.dll
0x00007ffbf7370000 - 0x00007ffbf73a4000 	C:\WINDOWS\SYSTEM32\WINMM.dll
0x00007ffbfbfe0000 - 0x00007ffbfbff3000 	C:\WINDOWS\SYSTEM32\UMPDC.dll
0x00007ffbfb6f0000 - 0x00007ffbfb708000 	C:\WINDOWS\SYSTEM32\kernel.appcore.dll
0x00007ffbf6b90000 - 0x00007ffbf6b9a000 	C:\Program Files\Java\jdk-21\bin\jimage.dll
0x00007ffbfa0e0000 - 0x00007ffbfa313000 	C:\WINDOWS\SYSTEM32\DBGHELP.DLL
0x00007ffbfe4d0000 - 0x00007ffbfe863000 	C:\WINDOWS\System32\combase.dll
0x00007ffbfd6c0000 - 0x00007ffbfd797000 	C:\WINDOWS\System32\OLEAUT32.dll
0x00007ffbd4ce0000 - 0x00007ffbd4d12000 	C:\WINDOWS\SYSTEM32\dbgcore.DLL
0x00007ffbfca50000 - 0x00007ffbfcacb000 	C:\WINDOWS\System32\bcryptPrimitives.dll
0x00007ffbd90f0000 - 0x00007ffbd910f000 	C:\Program Files\Java\jdk-21\bin\java.dll

dbghelp: loaded successfully - version: 4.0.5 - missing functions: none
symbol engine: initialized successfully - sym options: 0x614 - pdb path: .;C:\Program Files\Java\jdk-21\bin;C:\WINDOWS\SYSTEM32;C:\WINDOWS\WinSxS\amd64_microsoft.windows.common-controls_6595b64144ccf1df_6.0.22621.5547_none_27104afb73855772;C:\Program Files\Java\jdk-21\bin\server

VM Arguments:
jvm_args: -Dclassworlds.conf=C:\Users\HP\.m2\wrapper\dists\apache-maven-3.9.11\03d7e36a140982eea48e22c1dcac01d8862b2550b2939e09a0809bbc5182a5bc\bin\m2.conf -Dmaven.home=C:\Users\HP\.m2\wrapper\dists\apache-maven-3.9.11\03d7e36a140982eea48e22c1dcac01d8862b2550b2939e09a0809bbc5182a5bc -Dlibrary.jansi.path=C:\Users\HP\.m2\wrapper\dists\apache-maven-3.9.11\03d7e36a140982eea48e22c1dcac01d8862b2550b2939e09a0809bbc5182a5bc\lib\jansi-native -Dmaven.multiModuleProjectDirectory=c:\Users\HP\Downloads\zaphira-main\zaphira-main\service-user 
java_command: org.codehaus.plexus.classworlds.launcher.Launcher --version
java_class_path (initial): C:\Users\HP\.m2\wrapper\dists\apache-maven-3.9.11\03d7e36a140982eea48e22c1dcac01d8862b2550b2939e09a0809bbc5182a5bc\boot\plexus-classworlds-2.9.0.jar
Launcher Type: SUN_STANDARD

[Global flags]
     intx CICompilerCount                          = 4                                         {product} {ergonomic}
     uint ConcGCThreads                            = 2                                         {product} {ergonomic}
     uint G1ConcRefinementThreads                  = 8                                         {product} {ergonomic}
   size_t G1HeapRegionSize                         = 2097152                                   {product} {ergonomic}
    uintx GCDrainStackTargetSize                   = 64                                        {product} {ergonomic}
   size_t InitialHeapSize                          = 266338304                                 {product} {ergonomic}
   size_t MarkStackSize                            = 4194304                                   {product} {ergonomic}
   size_t MaxHeapSize                              = 4238344192                                {product} {ergonomic}
   size_t MinHeapDeltaBytes                        = 2097152                                   {product} {ergonomic}
   size_t MinHeapSize                              = 8388608                                   {product} {ergonomic}
    uintx NonNMethodCodeHeapSize                   = 5839372                                {pd product} {ergonomic}
    uintx NonProfiledCodeHeapSize                  = 122909434                              {pd product} {ergonomic}
    uintx ProfiledCodeHeapSize                     = 122909434                              {pd product} {ergonomic}
    uintx ReservedCodeCacheSize                    = 251658240                              {pd product} {ergonomic}
     bool SegmentedCodeCache                       = true                                      {product} {ergonomic}
   size_t SoftMaxHeapSize                          = 4238344192                             {manageable} {ergonomic}
     bool UseCompressedOops                        = true                           {product lp64_product} {ergonomic}
     bool UseG1GC                                  = true                                      {product} {ergonomic}
     bool UseLargePagesIndividualAllocation        = false                                  {pd product} {ergonomic}

Logging:
Log output configuration:
 #0: stdout all=warning uptime,level,tags foldmultilines=false
 #1: stderr all=off uptime,level,tags foldmultilines=false

Environment Variables:
JAVA_HOME=C:\Program Files\Java\jdk-21
PATH=C:\Program Files\Common Files\Oracle\Java\javapath;C:\Program Files\Python312\Scripts\;C:\Program Files\Python312\;C:\WINDOWS\system32;C:\WINDOWS;C:\WINDOWS\System32\Wbem;C:\WINDOWS\System32\WindowsPowerShell\v1.0\;C:\WINDOWS\System32\OpenSSH\;C:\Program Files\PuTTY\;C:\Program Files\nodejs\;C:\Program Files\Git\cmd;C:\Users\HP\AppData\Roaming\Python\Python312\Scripts;C:\Program Files\apache-maven-3.9.8\bin;C:\xampp\php;C:\ProgramData\ComposerSetup\bin;C:\ProgramData\chocolatey\bin;C:\Program Files\CMake\bin;C:\Users\HP\AppData\Local\Microsoft\WindowsApps;C:\Users\HP\AppData\Local\Programs\Microsoft VS Code\bin;C:\Users\HP\AppData\Roaming\npm;C:\Users\HP\AppData\Roaming\Python\Python312\Scripts;C:\Program Files\Python312\Scripts\;C:\Program Files\Python312;C:\Users\HP\AppData\Roaming\Composer\vendor\bin;C:\server\php;C:\Program Files\OpenSSL-Win64\bin;C:\Users\HP\Downloads\ngrok-v3-stable-windows-amd64;C:\Program Files\OpenSSL-Win64\lib;C:\Program Files\CodeBlocks\MinGW\bin;C:\xampp\mysql\bin;C:\Program Files (x86)\Nmap;C:\Users\HP\AppData\Local\Programs\cursor\resources\app\bin;C:\Program Files\Java\jdk-21\bin;
USERNAME=HP
OS=Windows_NT
PROCESSOR_IDENTIFIER=Intel64 Family 6 Model 126 Stepping 5, GenuineIntel
TMP=C:\Users\HP\AppData\Local\Temp
TEMP=C:\Users\HP\AppData\Local\Temp




Periodic native trim disabled

---------------  S Y S T E M  ---------------

OS:
 Windows 11 , 64 bit Build 22621 (10.0.22621.5415)
OS uptime: 0 days 5:34 hours
Hyper-V role detected

CPU: total 8 (initial active 8) (4 cores per cpu, 2 threads per core) family 6 model 126 stepping 5 microcode 0xa8, cx8, cmov, fxsr, ht, mmx, 3dnowpref, sse, sse2, sse3, ssse3, sse4.1, sse4.2, popcnt, lzcnt, tsc, tscinvbit, avx, avx2, aes, erms, clmul, bmi1, bmi2, adx, avx512f, avx512dq, avx512cd, avx512bw, avx512vl, sha, fma, vzeroupper, avx512_vpopcntdq, avx512_vpclmulqdq, avx512_vaes, avx512_vnni, clflush, clflushopt, avx512_vbmi2, avx512_vbmi, hv, rdtscp, rdpid, fsrm, gfni, avx512_bitalg, f16c, avx512_ifma
Processor Information for all 8 processors :
  Max Mhz: 1498, Current Mhz: 1298, Mhz Limit: 1288

Memory: 4k page, system-wide physical 16161M (3105M free)
TotalPageFile size 17833M (AvailPageFile size 122M)
current process WorkingSet (physical memory assigned to process): 12M, peak: 12M
current process commit charge ("private bytes"): 60M, peak: 314M

vm_info: Java HotSpot(TM) 64-Bit Server VM (21.0.9+7-LTS-338) for windows-amd64 JRE (21.0.9+7-LTS-338), built on 2025-09-26T06:33:49Z by "mach5run" with MS VC++ 17.6 (VS2022)

END.
